chirpstack-1                              | 2025-03-21T10:16:27.980178Z  INFO up{deduplication_id=6bbc3945-a05f-4430-8fcf-2c6f054a4728}:data_up{dev_eui="27fa133c32b32fd7"}:data_down{downlink_id=3829932643}: chirpstack::storage::mac_command: Pending mac-command block set dev_eui=27fa133c32b32fd7 cid=LinkADRReq
chirpstack-gateway-bridge-1               | time="2025-03-21T10:16:27.985048759Z" level=info msg="integration/mqtt: downlink frame received" downlink_id=3829932643 gateway_id=ac1f09fffe0fb6c2
chirpstack-1                              | 2025-03-21T10:16:27.980622Z  INFO up{deduplication_id=6bbc3945-a05f-4430-8fcf-2c6f054a4728}:data_up{dev_eui="27fa133c32b32fd7"}:data_down{downlink_id=3829932643}: chirpstack::storage::mac_command: Pending mac-command block set dev_eui=27fa133c32b32fd7 cid=RxParamSetupReq
chirpstack-gateway-bridge-1               | time="2025-03-21T10:16:27.990147165Z" level=info msg="integration/mqtt: publishing event" event=ack qos=0 topic=eu868/gateway/ac1f09fffe0fb6c2/event/ack
chirpstack-1                              | 2025-03-21T10:16:27.981116Z  INFO up{deduplication_id=6bbc3945-a05f-4430-8fcf-2c6f054a4728}:data_up{dev_eui="27fa133c32b32fd7"}:data_down{downlink_id=3829932643}: chirpstack::storage::mac_command: Pending mac-command block set dev_eui=27fa133c32b32fd7 cid=RxTimingSetupReq
chirpstack-1                              | 2025-03-21T10:16:27.981818Z  INFO up{deduplication_id=6bbc3945-a05f-4430-8fcf-2c6f054a4728}:data_up{dev_eui="27fa133c32b32fd7"}:data_down{downlink_id=3829932643}: chirpstack::storage::downlink_frame: Downlink-frame saved downlink_id=3829932643
chirpstack-1                              | 2025-03-21T10:16:27.984411Z  INFO up{deduplication_id=6bbc3945-a05f-4430-8fcf-2c6f054a4728}:data_up{dev_eui="27fa133c32b32fd7"}:data_down{downlink_id=3829932643}: chirpstack::storage::device: Device partially updated dev_eui=27fa133c32b32fd7
chirpstack-1                              | 2025-03-21T10:16:27.984500Z  INFO up{deduplication_id=6bbc3945-a05f-4430-8fcf-2c6f054a4728}:data_up{dev_eui="27fa133c32b32fd7"}:data_down{downlink_id=3829932643}: chirpstack::gateway::backend::mqtt: Sending downlink frame region_id=eu868 gateway_id=ac1f09fffe0fb6c2 topic=eu868/gateway/ac1f09fffe0fb6c2/command/down json=false
chirpstack-1                              | 2025-03-21T10:16:27.990566Z  INFO chirpstack::gateway::backend::mqtt: Message received from gateway region_id="eu868" topic=eu868/gateway/ac1f09fffe0fb6c2/event/ack qos=AtMostOnce json=false
chirpstack-1                              | 2025-03-21T10:16:27.994846Z  INFO tx_ack{downlink_id=3829932643}: chirpstack::storage::device: Device partially updated dev_eui=27fa133c32b32fd7
chirpstack-1                              | 2025-03-21T10:16:27.994910Z  INFO tx_ack{downlink_id=3829932643}: chirpstack::downlink::tx_ack: Log downlink-frame for gateway gateway_id=ac1f09fffe0fb6c2
chirpstack-1                              | 2025-03-21T10:16:27.996074Z  INFO tx_ack{downlink_id=3829932643}: chirpstack::downlink::tx_ack: Log downlink-frame for device device_eui=27fa133c32b32fd7
chirpstack-gateway-bridge-1               | time="2025-03-21T10:16:53.077224798Z" level=info msg="integration/mqtt: publishing event" event=stats qos=0 topic=eu868/gateway/ac1f09fffe0fb6c2/event/stats
chirpstack-1                              | 2025-03-21T10:16:53.077580Z  INFO chirpstack::gateway::backend::mqtt: Message received from gateway region_id="eu868" topic=eu868/gateway/ac1f09fffe0fb6c2/event/stats
 qos=AtMostOnce json=false
chirpstack-1                              | 2025-03-21T10:16:53.081520Z  INFO stats{gateway_id=ac1f09fffe0fb6c2}: chirpstack::storage::gateway: Gateway partially updated gateway_id=ac1f09fffe0fb6c2
chirpstack-1                              | 2025-03-21T10:16:53.081715Z  INFO stats{gateway_id=ac1f09fffe0fb6c2}: chirpstack::storage::metrics: Metrics saved name=gw:ac1f09fffe0fb6c2 aggregation=HOUR
chirpstack-1                              | 2025-03-21T10:16:53.081758Z  INFO stats{gateway_id=ac1f09fffe0fb6c2}: chirpstack::storage::metrics: Metrics saved name=gw:ac1f09fffe0fb6c2 aggregation=DAY
chirpstack-1                              | 2025-03-21T10:16:53.081796Z  INFO stats{gateway_id=ac1f09fffe0fb6c2}: chirpstack::storage::metrics: Metrics saved name=gw:ac1f09fffe0fb6c2 aggregation=MONTH
chirpstack-gateway-bridge-1               | time="2025-03-21T10:16:53.851873864Z" level=info msg="integration/mqtt: publishing event" event=up qos=0 topic=eu868/gateway/ac1f09fffe0fb6c2/event/up uplink_id=44863
chirpstack-1                              | 2025-03-21T10:16:53.852269Z  INFO chirpstack::gateway::backend::mqtt: Message received from gateway region_id="eu868" topic=eu868/gateway/ac1f09fffe0fb6c2/event/up qos=AtMostOnce json=false
chirpstack-1                              | 2025-03-21T10:16:54.054722Z  INFO up{deduplication_id=7148ba9a-673a-4487-a768-9461fc04d060}: chirpstack::uplink: Uplink received m_type=UnconfirmedDataUp
chirpstack-1                              | 2025-03-21T10:16:54.061782Z  INFO up{deduplication_id=7148ba9a-673a-4487-a768-9461fc04d060}:data_up{dev_eui="27fa133c32b32fd7"}: chirpstack::storage::device_gateway: Gateway rx-info saved dev_eui=27fa133c32b32fd7
chirpstack-1                              | 2025-03-21T10:16:54.069320Z  INFO chirpstack::integration::http: Posting event event=up url=https://webhook.site/9a749c97-d5ad-4de9-87e5-6622d0661bb2
chirpstack-1                              | 2025-03-21T10:16:54.069633Z  INFO chirpstack::integration::mqtt: Publishing event topic=application/f5695329-d3a0-468b-b2f3-64399dd3d3fa/device/27fa133c32b32fd7/event/up
chirpstack-1                              | 2025-03-21T10:16:54.071875Z  INFO up{deduplication_id=7148ba9a-673a-4487-a768-9461fc04d060}:data_up{dev_eui="27fa133c32b32fd7"}: chirpstack::storage::device: Device partially updated dev_eui=27fa133c32b32fd7
chirpstack-1                              | 2025-03-21T10:16:54.072184Z  INFO up{deduplication_id=7148ba9a-673a-4487-a768-9461fc04d060}:data_up{dev_eui="27fa133c32b32fd7"}: chirpstack::storage::metrics: Metrics saved name=device:27fa133c32b32fd7 aggregation=HOUR
chirpstack-1                              | 2025-03-21T10:16:54.072252Z  INFO up{deduplication_id=7148ba9a-673a-4487-a768-9461fc04d060}:data_up{dev_eui="27fa133c32b32fd7"}: chirpstack::storage::metrics: Metrics saved name=device:27fa133c32b32fd7 aggregation=DAY
chirpstack-1                              | 2025-03-21T10:16:54.072434Z  INFO up{deduplication_id=7148ba9a-673a-4487-a768-9461fc04d060}:data_up{dev_eui="27fa133c32b32fd7"}: chirpstack::storage::metrics: Metrics saved name=device:27fa133c32b32fd7 aggregation=MONTH
chirpstack-1                              | 2025-03-21T10:16:54.157567Z  WARN chirpstack::integration::http: Posting event failed event=up url=https://webhook.site/9a749c97-d5ad-4de9-87e5-6622d0661bb2 error=HTTP status client error (429 Too Many Requests) for url (https://webhook.site/9a749c97-d5ad-4de9-87e5-6622d0661bb2?event=up)
chirpstack-1                              | 2025-03-21T10:16:58.181504Z  INFO up{deduplication_id=7148ba9a-673a-4487-a768-9461fc04d060}:data_up{dev_eui="27fa133c32b32fd7"}:data_down{downlink_id=1797982151}: chirpstack::storage::mac_command: Pending mac-command block set dev_eui=27fa133c32b32fd7 cid=NewChannelReq
chirpstack-1                              | 2025-03-21T10:16:58.182007Z  INFO up{deduplication_id=7148ba9a-673a-4487-a768-9461fc04d060}:data_up{dev_eui="27fa133c32b32fd7"}:data_down{downlink_id=1797982151}: chirpstack::storage::mac_command: Pending mac-command block set dev_eui=27fa133c32b32fd7 cid=LinkADRReq
chirpstack-gateway-bridge-1               | time="2025-03-21T10:16:58.186944522Z" level=info msg="integration/mqtt: downlink frame received" downlink_id=1797982151 gateway_id=ac1f09fffe0fb6c2
chirpstack-1                              | 2025-03-21T10:16:58.182758Z  INFO up{deduplication_id=7148ba9a-673a-4487-a768-9461fc04d060}:data_up{dev_eui="27fa133c32b32fd7"}:data_down{downlink_id=1797982151}: chirpstack::storage::mac_command: Pending mac-command block set dev_eui=27fa133c32b32fd7 cid=RxParamSetupReq
chirpstack-gateway-bridge-1               | time="2025-03-21T10:16:58.192003891Z" level=info msg="integration/mqtt: publishing event" event=ack qos=0 topic=eu868/gateway/ac1f09fffe0fb6c2/event/ack
chirpstack-1                              | 2025-03-21T10:16:58.183199Z  INFO up{deduplication_id=7148ba9a-673a-4487-a768-9461fc04d060}:data_up{dev_eui="27fa133c32b32fd7"}:data_down{downlink_id=1797982151}: chirpstack::storage::mac_command: Pending mac-command block set dev_eui=27fa133c32b32fd7 cid=RxTimingSetupReq
chirpstack-1                              | 2025-03-21T10:16:58.183908Z  INFO up{deduplication_id=7148ba9a-673a-4487-a768-9461fc04d060}:data_up{dev_eui="27fa133c32b32fd7"}:data_down{downlink_id=1797982151}: chirpstack::storage::downlink_frame: Downlink-frame saved downlink_id=1797982151
chirpstack-1                              | 2025-03-21T10:16:58.186429Z  INFO up{deduplication_id=7148ba9a-673a-4487-a768-9461fc04d060}:data_up{dev_eui="27fa133c32b32fd7"}:data_down{downlink_id=1797982151}: chirpstack::storage::device: Device partially updated dev_eui=27fa133c32b32fd7
chirpstack-1                              | 2025-03-21T10:16:58.186519Z  INFO up{deduplication_id=7148ba9a-673a-4487-a768-9461fc04d060}:data_up{dev_eui="27fa133c32b32fd7"}:data_down{downlink_id=1797982151}: chirpstack::gateway::backend::mqtt: Sending downlink frame region_id=eu868 gateway_id=ac1f09fffe0fb6c2 topic=eu868/gateway/ac1f09fffe0fb6c2/command/down json=false
chirpstack-1                              | 2025-03-21T10:16:58.192582Z  INFO chirpstack::gateway::backend::mqtt: Message received from gateway region_id="eu868" topic=eu868/gateway/ac1f09fffe0fb6c2/event/ack qos=AtMostOnce json=false
chirpstack-1                              | 2025-03-21T10:16:58.196635Z  INFO tx_ack{downlink_id=1797982151}: chirpstack::storage::device: Device partially updated dev_eui=27fa133c32b32fd7
chirpstack-1                              | 2025-03-21T10:16:58.196688Z  INFO tx_ack{downlink_id=1797982151}: chirpstack::downlink::tx_ack: Log downlink-frame for gateway gateway_id=ac1f09fffe0fb6c2
chirpstack-1                              | 2025-03-21T10:16:58.197712Z  INFO tx_ack{downlink_id=1797982151}: chirpstack::downlink::tx_ack: Log downlink-frame for device device_eui=27fa133c32b32fd7
redis-1                                   | 1:M 21 Mar 2025 10:17:05.072 * 100 changes in 60 seconds. Saving...
redis-1                                   | 1:M 21 Mar 2025 10:17:05.073 * Background saving started by pid 905
redis-1                                   | 905:C 21 Mar 2025 10:17:05.083 * DB saved on disk
redis-1                                   | 905:C 21 Mar 2025 10:17:05.084 * Fork CoW for RDB: current 0 MB, peak 0 MB, average 0 MB
redis-1                                   | 1:M 21 Mar 2025 10:17:05.174 * Background saving terminated with success
chirpstack-gateway-bridge-1               | time="2025-03-21T10:17:23.096228924Z" level=info msg="integration/mqtt: publishing event" event=stats qos=0 topic=eu868/gateway/ac1f09fffe0fb6c2/event/stats
chirpstack-1                              | 2025-03-21T10:17:23.099826Z  INFO chirpstack::gateway::backend::mqtt: Message received from gateway region_id="eu868" topic=eu868/gateway/ac1f09fffe0fb6c2/event/stats
 qos=AtMostOnce json=false
chirpstack-1                              | 2025-03-21T10:17:23.102531Z  INFO stats{gateway_id=ac1f09fffe0fb6c2}: chirpstack::storage::gateway: Gateway partially updated gateway_id=ac1f09fffe0fb6c2
chirpstack-1                              | 2025-03-21T10:17:23.102670Z  INFO stats{gateway_id=ac1f09fffe0fb6c2}: chirpstack::storage::metrics: Metrics saved name=gw:ac1f09fffe0fb6c2 aggregation=HOUR
chirpstack-1                              | 2025-03-21T10:17:23.102711Z  INFO stats{gateway_id=ac1f09fffe0fb6c2}: chirpstack::storage::metrics: Metrics saved name=gw:ac1f09fffe0fb6c2 aggregation=DAY
chirpstack-1                              | 2025-03-21T10:17:23.102749Z  INFO stats{gateway_id=ac1f09fffe0fb6c2}: chirpstack::storage::metrics: Metrics saved name=gw:ac1f09fffe0fb6c2 aggregation=MONTH
chirpstack-gateway-bridge-1               | time="2025-03-21T10:17:24.051558603Z" level=info msg="integration/mqtt: publishing event" event=up qos=0 topic=eu868/gateway/ac1f09fffe0fb6c2/event/up uplink_id=1586
chirpstack-1                              | 2025-03-21T10:17:24.051904Z  INFO chirpstack::gateway::backend::mqtt: Message received from gateway region_id="eu868" topic=eu868/gateway/ac1f09fffe0fb6c2/event/up qos=AtMostOnce json=false
chirpstack-1                              | 2025-03-21T10:17:24.254041Z  INFO up{deduplication_id=cc5bb97a-d6e2-4943-a382-0904554e40ab}: chirpstack::uplink: Uplink received m_type=UnconfirmedDataUp
chirpstack-1                              | 2025-03-21T10:17:24.266901Z  INFO up{deduplication_id=cc5bb97a-d6e2-4943-a382-0904554e40ab}:data_up{dev_eui="27fa133c32b32fd7"}: chirpstack::storage::device_gateway: Gateway rx-info saved dev_eui=27fa133c32b32fd7
chirpstack-1                              | 2025-03-21T10:17:24.295359Z  INFO chirpstack::integration::http: Posting event event=up url=https://webhook.site/9a749c97-d5ad-4de9-87e5-6622d0661bb2
chirpstack-1                              | 2025-03-21T10:17:24.296404Z  INFO chirpstack::integration::mqtt: Publishing event topic=application/f5695329-d3a0-468b-b2f3-64399dd3d3fa/device/27fa133c32b32fd7/event/up
chirpstack-1                              | 2025-03-21T10:17:24.303894Z  INFO up{deduplication_id=cc5bb97a-d6e2-4943-a382-0904554e40ab}:data_up{dev_eui="27fa133c32b32fd7"}: chirpstack::storage::device: Device partially updated dev_eui=27fa133c32b32fd7
chirpstack-1                              | 2025-03-21T10:17:24.304059Z  INFO up{deduplication_id=cc5bb97a-d6e2-4943-a382-0904554e40ab}:data_up{dev_eui="27fa133c32b32fd7"}: chirpstack::storage::metrics: Metrics saved name=device:27fa133c32b32fd7 aggregation=HOUR
chirpstack-1                              | 2025-03-21T10:17:24.304104Z  INFO up{deduplication_id=cc5bb97a-d6e2-4943-a382-0904554e40ab}:data_up{dev_eui="27fa133c32b32fd7"}: chirpstack::storage::metrics: Metrics saved name=device:27fa133c32b32fd7 aggregation=DAY
chirpstack-1                              | 2025-03-21T10:17:24.304121Z  INFO up{deduplication_id=cc5bb97a-d6e2-4943-a382-0904554e40ab}:data_up{dev_eui="27fa133c32b32fd7"}: chirpstack::storage::metrics: Metrics saved name=device:27fa133c32b32fd7 aggregation=MONTH
chirpstack-1                              | 2025-03-21T10:17:24.410892Z  WARN chirpstack::integration::http: Posting event failed event=up url=https://webhook.site/9a749c97-d5ad-4de9-87e5-6622d0661bb2 error=HTTP status client error (429 Too Many Requests) for url (https://webhook.site/9a749c97-d5ad-4de9-87e5-6622d0661bb2?event=up)
chirpstack-1                              | 2025-03-21T10:17:28.415512Z  INFO up{deduplication_id=cc5bb97a-d6e2-4943-a382-0904554e40ab}:data_up{dev_eui="27fa133c32b32fd7"}:data_down{downlink_id=2763008902}: chirpstack::storage::mac_command: Pending mac-command block set dev_eui=27fa133c32b32fd7 cid=NewChannelReq
chirpstack-1                              | 2025-03-21T10:17:28.415918Z  INFO up{deduplication_id=cc5bb97a-d6e2-4943-a382-0904554e40ab}:data_up{dev_eui="27fa133c32b32fd7"}:data_down{downlink_id=2763008902}: chirpstack::storage::mac_command: Pending mac-command block set dev_eui=27fa133c32b32fd7 cid=LinkADRReq
chirpstack-gateway-bridge-1               | time="2025-03-21T10:17:28.421173158Z" level=info msg="integration/mqtt: downlink frame received" downlink_id=2763008902 gateway_id=ac1f09fffe0fb6c2
chirpstack-1                              | 2025-03-21T10:17:28.416357Z  INFO up{deduplication_id=cc5bb97a-d6e2-4943-a382-0904554e40ab}:data_up{dev_eui="27fa133c32b32fd7"}:data_down{downlink_id=2763008902}: chirpstack::storage::mac_command: Pending mac-command block set dev_eui=27fa133c32b32fd7 cid=RxParamSetupReq
chirpstack-gateway-bridge-1               | time="2025-03-21T10:17:28.426018976Z" level=info msg="integration/mqtt: publishing event" event=ack qos=0 topic=eu868/gateway/ac1f09fffe0fb6c2/event/ack
chirpstack-1                              | 2025-03-21T10:17:28.416707Z  INFO up{deduplication_id=cc5bb97a-d6e2-4943-a382-0904554e40ab}:data_up{dev_eui="27fa133c32b32fd7"}:data_down{downlink_id=2763008902}: chirpstack::storage::mac_command: Pending mac-command block set dev_eui=27fa133c32b32fd7 cid=RxTimingSetupReq
chirpstack-1                              | 2025-03-21T10:17:28.417275Z  INFO up{deduplication_id=cc5bb97a-d6e2-4943-a382-0904554e40ab}:data_up{dev_eui="27fa133c32b32fd7"}:data_down{downlink_id=2763008902}: chirpstack::storage::downlink_frame: Downlink-frame saved downlink_id=2763008902
chirpstack-1                              | 2025-03-21T10:17:28.420558Z  INFO up{deduplication_id=cc5bb97a-d6e2-4943-a382-0904554e40ab}:data_up{dev_eui="27fa133c32b32fd7"}:data_down{downlink_id=2763008902}: chirpstack::storage::device: Device partially updated dev_eui=27fa133c32b32fd7
chirpstack-1                              | 2025-03-21T10:17:28.420663Z  INFO up{deduplication_id=cc5bb97a-d6e2-4943-a382-0904554e40ab}:data_up{dev_eui="27fa133c32b32fd7"}:data_down{downlink_id=2763008902}: chirpstack::gateway::backend::mqtt: Sending downlink frame region_id=eu868 gateway_id=ac1f09fffe0fb6c2 topic=eu868/gateway/ac1f09fffe0fb6c2/command/down json=false
chirpstack-1                              | 2025-03-21T10:17:28.426395Z  INFO chirpstack::gateway::backend::mqtt: Message received from gateway region_id="eu868" topic=eu868/gateway/ac1f09fffe0fb6c2/event/ack qos=AtMostOnce json=false
chirpstack-1                              | 2025-03-21T10:17:28.431467Z  INFO tx_ack{downlink_id=2763008902}: chirpstack::storage::device: Device partially updated dev_eui=27fa133c32b32fd7
chirpstack-1                              | 2025-03-21T10:17:28.431534Z  INFO tx_ack{downlink_id=2763008902}: chirpstack::downlink::tx_ack: Log downlink-frame for gateway gateway_id=ac1f09fffe0fb6c2
chirpstack-1                              | 2025-03-21T10:17:28.432620Z  INFO tx_ack{downlink_id=2763008902}: chirpstack::downlink::tx_ack: Log downlink-frame for device device_eui=27fa133c32b32fd7
chirpstack-gateway-bridge-1               | time="2025-03-21T10:17:53.127426686Z" level=info msg="integration/mqtt: publishing event" event=stats qos=0 topic=eu868/gateway/ac1f09fffe0fb6c2/event/stats
chirpstack-1                              | 2025-03-21T10:17:53.128119Z  INFO chirpstack::gateway::backend::mqtt: Message received from gateway region_id="eu868" topic=eu868/gateway/ac1f09fffe0fb6c2/event/stats
 qos=AtMostOnce json=false
chirpstack-1                              | 2025-03-21T10:17:53.131506Z  INFO stats{gateway_id=ac1f09fffe0fb6c2}: chirpstack::storage::gateway: Gateway partially updated gateway_id=ac1f09fffe0fb6c2
chirpstack-1                              | 2025-03-21T10:17:53.131692Z  INFO stats{gateway_id=ac1f09fffe0fb6c2}: chirpstack::storage::metrics: Metrics saved name=gw:ac1f09fffe0fb6c2 aggregation=HOUR
chirpstack-1                              | 2025-03-21T10:17:53.131735Z  INFO stats{gateway_id=ac1f09fffe0fb6c2}: chirpstack::storage::metrics: Metrics saved name=gw:ac1f09fffe0fb6c2 aggregation=DAY
chirpstack-1                              | 2025-03-21T10:17:53.131749Z  INFO stats{gateway_id=ac1f09fffe0fb6c2}: chirpstack::storage::metrics: Metrics saved name=gw:ac1f09fffe0fb6c2 aggregation=MONTH
chirpstack-gateway-bridge-1               | time="2025-03-21T10:17:54.297142374Z" level=info msg="integration/mqtt: publishing event" event=up qos=0 topic=eu868/gateway/ac1f09fffe0fb6c2/event/up uplink_id=20908
chirpstack-1                              | 2025-03-21T10:17:54.297552Z  INFO chirpstack::gateway::backend::mqtt: Message received from gateway region_id="eu868" topic=eu868/gateway/ac1f09fffe0fb6c2/event/up qos=AtMostOnce json=false
chirpstack-1                              | 2025-03-21T10:17:54.501965Z  INFO up{deduplication_id=fa3bd96e-34ea-4d4b-8f1d-74fc329604cc}: chirpstack::uplink: Uplink received m_type=UnconfirmedDataUp
chirpstack-1                              | 2025-03-21T10:17:54.509911Z  INFO up{deduplication_id=fa3bd96e-34ea-4d4b-8f1d-74fc329604cc}:data_up{dev_eui="27fa133c32b32fd7"}: chirpstack::storage::device_gateway: Gateway rx-info saved dev_eui=27fa133c32b32fd7
chirpstack-1                              | 2025-03-21T10:17:54.516702Z  INFO chirpstack::integration::http: Posting event event=up url=https://webhook.site/9a749c97-d5ad-4de9-87e5-6622d0661bb2
chirpstack-1                              | 2025-03-21T10:17:54.517275Z  INFO chirpstack::integration::mqtt: Publishing event topic=application/f5695329-d3a0-468b-b2f3-64399dd3d3fa/device/27fa133c32b32fd7/event/up
chirpstack-1                              | 2025-03-21T10:17:54.519821Z  INFO up{deduplication_id=fa3bd96e-34ea-4d4b-8f1d-74fc329604cc}:data_up{dev_eui="27fa133c32b32fd7"}: chirpstack::storage::device: Device partially updated dev_eui=27fa133c32b32fd7
chirpstack-1                              | 2025-03-21T10:17:54.519936Z  INFO up{deduplication_id=fa3bd96e-34ea-4d4b-8f1d-74fc329604cc}:data_up{dev_eui="27fa133c32b32fd7"}: chirpstack::storage::metrics: Metrics saved name=device:27fa133c32b32fd7 aggregation=HOUR
chirpstack-1                              | 2025-03-21T10:17:54.519953Z  INFO up{deduplication_id=fa3bd96e-34ea-4d4b-8f1d-74fc329604cc}:data_up{dev_eui="27fa133c32b32fd7"}: chirpstack::storage::metrics: Metrics saved name=device:27fa133c32b32fd7 aggregation=DAY
chirpstack-1                              | 2025-03-21T10:17:54.519971Z  INFO up{deduplication_id=fa3bd96e-34ea-4d4b-8f1d-74fc329604cc}:data_up{dev_eui="27fa133c32b32fd7"}: chirpstack::storage::metrics: Metrics saved name=device:27fa133c32b32fd7 aggregation=MONTH
chirpstack-1                              | 2025-03-21T10:17:54.600680Z  WARN chirpstack::integration::http: Posting event failed event=up url=https://webhook.site/9a749c97-d5ad-4de9-87e5-6622d0661bb2 error=HTTP status client error (429 Too Many Requests) for url (https://webhook.site/9a749c97-d5ad-4de9-87e5-6622d0661bb2?event=up)
chirpstack-1                              | 2025-03-21T10:17:58.630088Z  INFO up{deduplication_id=fa3bd96e-34ea-4d4b-8f1d-74fc329604cc}:data_up{dev_eui="27fa133c32b32fd7"}:data_down{downlink_id=2153292825}: chirpstack::storage::mac_command: Pending mac-command block set dev_eui=27fa133c32b32fd7 cid=NewChannelReq
chirpstack-1                              | 2025-03-21T10:17:58.630525Z  INFO up{deduplication_id=fa3bd96e-34ea-4d4b-8f1d-74fc329604cc}:data_up{dev_eui="27fa133c32b32fd7"}:data_down{downlink_id=2153292825}: chirpstack::storage::mac_command: Pending mac-command block set dev_eui=27fa133c32b32fd7 cid=LinkADRReq
chirpstack-gateway-bridge-1               | time="2025-03-21T10:17:58.636704012Z" level=info msg="integration/mqtt: downlink frame received" downlink_id=2153292825 gateway_id=ac1f09fffe0fb6c2
chirpstack-1                              | 2025-03-21T10:17:58.631630Z  INFO up{deduplication_id=fa3bd96e-34ea-4d4b-8f1d-74fc329604cc}:data_up{dev_eui="27fa133c32b32fd7"}:data_down{downlink_id=2153292825}: chirpstack::storage::mac_command: Pending mac-command block set dev_eui=27fa133c32b32fd7 cid=RxParamSetupReq
chirpstack-gateway-bridge-1               | time="2025-03-21T10:17:58.641481015Z" level=info msg="integration/mqtt: publishing event" event=ack qos=0 topic=eu868/gateway/ac1f09fffe0fb6c2/event/ack
chirpstack-1                              | 2025-03-21T10:17:58.632175Z  INFO up{deduplication_id=fa3bd96e-34ea-4d4b-8f1d-74fc329604cc}:data_up{dev_eui="27fa133c32b32fd7"}:data_down{downlink_id=2153292825}: chirpstack::storage::mac_command: Pending mac-command block set dev_eui=27fa133c32b32fd7 cid=RxTimingSetupReq
chirpstack-1                              | 2025-03-21T10:17:58.632851Z  INFO up{deduplication_id=fa3bd96e-34ea-4d4b-8f1d-74fc329604cc}:data_up{dev_eui="27fa133c32b32fd7"}:data_down{downlink_id=2153292825}: chirpstack::storage::downlink_frame: Downlink-frame saved downlink_id=2153292825
chirpstack-1                              | 2025-03-21T10:17:58.636152Z  INFO up{deduplication_id=fa3bd96e-34ea-4d4b-8f1d-74fc329604cc}:data_up{dev_eui="27fa133c32b32fd7"}:data_down{downlink_id=2153292825}: chirpstack::storage::device: Device partially updated dev_eui=27fa133c32b32fd7
chirpstack-1                              | 2025-03-21T10:17:58.636239Z  INFO up{deduplication_id=fa3bd96e-34ea-4d4b-8f1d-74fc329604cc}:data_up{dev_eui="27fa133c32b32fd7"}:data_down{downlink_id=2153292825}: chirpstack::gateway::backend::mqtt: Sending downlink frame region_id=eu868 gateway_id=ac1f09fffe0fb6c2 topic=eu868/gateway/ac1f09fffe0fb6c2/command/down json=false
chirpstack-1                              | 2025-03-21T10:17:58.641886Z  INFO chirpstack::gateway::backend::mqtt: Message received from gateway region_id="eu868" topic=eu868/gateway/ac1f09fffe0fb6c2/event/ack qos=AtMostOnce json=false
chirpstack-1                              | 2025-03-21T10:17:58.645821Z  INFO tx_ack{downlink_id=2153292825}: chirpstack::storage::device: Device partially updated dev_eui=27fa133c32b32fd7
chirpstack-1                              | 2025-03-21T10:17:58.645869Z  INFO tx_ack{downlink_id=2153292825}: chirpstack::downlink::tx_ack: Log downlink-frame for gateway gateway_id=ac1f09fffe0fb6c2
chirpstack-1                              | 2025-03-21T10:17:58.646838Z  INFO tx_ack{downlink_id=2153292825}: chirpstack::downlink::tx_ack: Log downlink-frame for device device_eui=27fa133c32b32fd7
redis-1                                   | 1:M 21 Mar 2025 10:18:06.086 * 100 changes in 60 seconds. Saving...
redis-1                                   | 1:M 21 Mar 2025 10:18:06.087 * Background saving started by pid 906
redis-1                                   | 906:C 21 Mar 2025 10:18:06.094 * DB saved on disk
redis-1                                   | 906:C 21 Mar 2025 10:18:06.095 * Fork CoW for RDB: current 0 MB, peak 0 MB, average 0 MB
redis-1                                   | 1:M 21 Mar 2025 10:18:06.188 * Background saving terminated with success
chirpstack-gateway-bridge-1               | time="2025-03-21T10:18:23.153554264Z" level=info msg="integration/mqtt: publishing event" event=stats qos=0 topic=eu868/gateway/ac1f09fffe0fb6c2/event/stats
chirpstack-1                              | 2025-03-21T10:18:23.154060Z  INFO chirpstack::gateway::backend::mqtt: Message received from gateway region_id="eu868" topic=eu868/gateway/ac1f09fffe0fb6c2/event/stats
 qos=AtMostOnce json=false
chirpstack-1                              | 2025-03-21T10:18:23.157841Z  INFO stats{gateway_id=ac1f09fffe0fb6c2}: chirpstack::storage::gateway: Gateway partially updated gateway_id=ac1f09fffe0fb6c2
chirpstack-1                              | 2025-03-21T10:18:23.157988Z  INFO stats{gateway_id=ac1f09fffe0fb6c2}: chirpstack::storage::metrics: Metrics saved name=gw:ac1f09fffe0fb6c2 aggregation=HOUR
chirpstack-1                              | 2025-03-21T10:18:23.158029Z  INFO stats{gateway_id=ac1f09fffe0fb6c2}: chirpstack::storage::metrics: Metrics saved name=gw:ac1f09fffe0fb6c2 aggregation=DAY
chirpstack-1                              | 2025-03-21T10:18:23.158065Z  INFO stats{gateway_id=ac1f09fffe0fb6c2}: chirpstack::storage::metrics: Metrics saved name=gw:ac1f09fffe0fb6c2 aggregation=MONTH
chirpstack-gateway-bridge-1               | time="2025-03-21T10:18:24.467412315Z" level=info msg="integration/mqtt: publishing event" event=up qos=0 topic=eu868/gateway/ac1f09fffe0fb6c2/event/up uplink_id=5170
chirpstack-1                              | 2025-03-21T10:18:24.467955Z  INFO chirpstack::gateway::backend::mqtt: Message received from gateway region_id="eu868" topic=eu868/gateway/ac1f09fffe0fb6c2/event/up qos=AtMostOnce json=false
chirpstack-1                              | 2025-03-21T10:18:24.669916Z  INFO up{deduplication_id=3d3af1d9-f1c6-4629-a1da-6d693f3bea06}: chirpstack::uplink: Uplink received m_type=UnconfirmedDataUp
chirpstack-1                              | 2025-03-21T10:18:24.679262Z  INFO up{deduplication_id=3d3af1d9-f1c6-4629-a1da-6d693f3bea06}:data_up{dev_eui="27fa133c32b32fd7"}: chirpstack::storage::device_gateway: Gateway rx-info saved dev_eui=27fa133c32b32fd7
chirpstack-1                              | 2025-03-21T10:18:24.686249Z  INFO chirpstack::integration::http: Posting event event=up url=https://webhook.site/9a749c97-d5ad-4de9-87e5-6622d0661bb2
chirpstack-1                              | 2025-03-21T10:18:24.686637Z  INFO chirpstack::integration::mqtt: Publishing event topic=application/f5695329-d3a0-468b-b2f3-64399dd3d3fa/device/27fa133c32b32fd7/event/up
chirpstack-1                              | 2025-03-21T10:18:24.688085Z  INFO up{deduplication_id=3d3af1d9-f1c6-4629-a1da-6d693f3bea06}:data_up{dev_eui="27fa133c32b32fd7"}: chirpstack::storage::device: Device partially updated dev_eui=27fa133c32b32fd7
chirpstack-1                              | 2025-03-21T10:18:24.688193Z  INFO up{deduplication_id=3d3af1d9-f1c6-4629-a1da-6d693f3bea06}:data_up{dev_eui="27fa133c32b32fd7"}: chirpstack::storage::metrics: Metrics saved name=device:27fa133c32b32fd7 aggregation=HOUR
chirpstack-1                              | 2025-03-21T10:18:24.688235Z  INFO up{deduplication_id=3d3af1d9-f1c6-4629-a1da-6d693f3bea06}:data_up{dev_eui="27fa133c32b32fd7"}: chirpstack::storage::metrics: Metrics saved name=device:27fa133c32b32fd7 aggregation=DAY
chirpstack-1                              | 2025-03-21T10:18:24.688251Z  INFO up{deduplication_id=3d3af1d9-f1c6-4629-a1da-6d693f3bea06}:data_up{dev_eui="27fa133c32b32fd7"}: chirpstack::storage::metrics: Metrics saved name=device:27fa133c32b32fd7 aggregation=MONTH
chirpstack-1                              | 2025-03-21T10:18:24.770566Z  WARN chirpstack::integration::http: Posting event failed event=up url=https://webhook.site/9a749c97-d5ad-4de9-87e5-6622d0661bb2 error=HTTP status client error (429 Too Many Requests) for url (https://webhook.site/9a749c97-d5ad-4de9-87e5-6622d0661bb2?event=up)
chirpstack-1                              | 2025-03-21T10:18:28.799368Z  INFO up{deduplication_id=3d3af1d9-f1c6-4629-a1da-6d693f3bea06}:data_up{dev_eui="27fa133c32b32fd7"}:data_down{downlink_id=831764583}: chirpstack::storage::mac_command: Pending mac-command block set dev_eui=27fa133c32b32fd7 cid=NewChannelReq
chirpstack-1                              | 2025-03-21T10:18:28.799902Z  INFO up{deduplication_id=3d3af1d9-f1c6-4629-a1da-6d693f3bea06}:data_up{dev_eui="27fa133c32b32fd7"}:data_down{downlink_id=831764583}: chirpstack::storage::mac_command: Pending mac-command block set dev_eui=27fa133c32b32fd7 cid=LinkADRReq
chirpstack-gateway-bridge-1               | time="2025-03-21T10:18:28.804562929Z" level=info msg="integration/mqtt: downlink frame received" downlink_id=831764583 gateway_id=ac1f09fffe0fb6c2
chirpstack-1                              | 2025-03-21T10:18:28.800382Z  INFO up{deduplication_id=3d3af1d9-f1c6-4629-a1da-6d693f3bea06}:data_up{dev_eui="27fa133c32b32fd7"}:data_down{downlink_id=831764583}: chirpstack::storage::mac_command: Pending mac-command block set dev_eui=27fa133c32b32fd7 cid=RxParamSetupReq
chirpstack-gateway-bridge-1               | time="2025-03-21T10:18:28.809201925Z" level=info msg="integration/mqtt: publishing event" event=ack qos=0 topic=eu868/gateway/ac1f09fffe0fb6c2/event/ack
chirpstack-1                              | 2025-03-21T10:18:28.800877Z  INFO up{deduplication_id=3d3af1d9-f1c6-4629-a1da-6d693f3bea06}:data_up{dev_eui="27fa133c32b32fd7"}:data_down{downlink_id=831764583}: chirpstack::storage::mac_command: Pending mac-command block set dev_eui=27fa133c32b32fd7 cid=RxTimingSetupReq
chirpstack-1                              | 2025-03-21T10:18:28.801454Z  INFO up{deduplication_id=3d3af1d9-f1c6-4629-a1da-6d693f3bea06}:data_up{dev_eui="27fa133c32b32fd7"}:data_down{downlink_id=831764583}: chirpstack::storage::downlink_frame: Downlink-frame saved downlink_id=831764583
chirpstack-1                              | 2025-03-21T10:18:28.803961Z  INFO up{deduplication_id=3d3af1d9-f1c6-4629-a1da-6d693f3bea06}:data_up{dev_eui="27fa133c32b32fd7"}:data_down{downlink_id=831764583}: chirpstack::storage::device: Device partially updated dev_eui=27fa133c32b32fd7
chirpstack-1                              | 2025-03-21T10:18:28.804046Z  INFO up{deduplication_id=3d3af1d9-f1c6-4629-a1da-6d693f3bea06}:data_up{dev_eui="27fa133c32b32fd7"}:data_down{downlink_id=831764583}: chirpstack::gateway::backend::mqtt: Sending downlink frame region_id=eu868 gateway_id=ac1f09fffe0fb6c2 topic=eu868/gateway/ac1f09fffe0fb6c2/command/down json=false
chirpstack-1                              | 2025-03-21T10:18:28.809669Z  INFO chirpstack::gateway::backend::mqtt: Message received from gateway region_id="eu868" topic=eu868/gateway/ac1f09fffe0fb6c2/event/ack qos=AtMostOnce json=false
chirpstack-1                              | 2025-03-21T10:18:28.813218Z  INFO tx_ack{downlink_id=831764583}: chirpstack::storage::device: Device partially updated dev_eui=27fa133c32b32fd7
chirpstack-1                              | 2025-03-21T10:18:28.813270Z  INFO tx_ack{downlink_id=831764583}: chirpstack::downlink::tx_ack: Log downlink-frame for gateway gateway_id=ac1f09fffe0fb6c2
chirpstack-1                              | 2025-03-21T10:18:28.814546Z  INFO tx_ack{downlink_id=831764583}: chirpstack::downlink::tx_ack: Log downlink-frame for device device_eui=27fa133c32b32fd7
chirpstack-gateway-bridge-1               | time="2025-03-21T10:18:53.183536562Z" level=info msg="integration/mqtt: publishing event" event=stats qos=0 topic=eu868/gateway/ac1f09fffe0fb6c2/event/stats
chirpstack-1                              | 2025-03-21T10:18:53.183912Z  INFO chirpstack::gateway::backend::mqtt: Message received from gateway region_id="eu868" topic=eu868/gateway/ac1f09fffe0fb6c2/event/stats
 qos=AtMostOnce json=false
chirpstack-1                              | 2025-03-21T10:18:53.187127Z  INFO stats{gateway_id=ac1f09fffe0fb6c2}: chirpstack::storage::gateway: Gateway partially updated gateway_id=ac1f09fffe0fb6c2
chirpstack-1                              | 2025-03-21T10:18:53.187274Z  INFO stats{gateway_id=ac1f09fffe0fb6c2}: chirpstack::storage::metrics: Metrics saved name=gw:ac1f09fffe0fb6c2 aggregation=HOUR
chirpstack-1                              | 2025-03-21T10:18:53.187314Z  INFO stats{gateway_id=ac1f09fffe0fb6c2}: chirpstack::storage::metrics: Metrics saved name=gw:ac1f09fffe0fb6c2 aggregation=DAY
chirpstack-1                              | 2025-03-21T10:18:53.187331Z  INFO stats{gateway_id=ac1f09fffe0fb6c2}: chirpstack::storage::metrics: Metrics saved name=gw:ac1f09fffe0fb6c2 aggregation=MONTH
chirpstack-1                              | 2025-03-21T10:18:54.669164Z  INFO chirpstack::gateway::backend::mqtt: Message received from gateway region_id="eu868" topic=eu868/gateway/ac1f09fffe0fb6c2/event/up qos=AtMostOnce json=false
chirpstack-gateway-bridge-1               | time="2025-03-21T10:18:54.668758215Z" level=info msg="integration/mqtt: publishing event" event=up qos=0 topic=eu868/gateway/ac1f09fffe0fb6c2/event/up uplink_id=63155
chirpstack-1                              | 2025-03-21T10:18:54.871832Z  INFO up{deduplication_id=e35c9a42-2c24-4e8a-8fcb-2ffabdb69c08}: chirpstack::uplink: Uplink received m_type=UnconfirmedDataUp
chirpstack-1                              | 2025-03-21T10:18:54.880690Z  INFO up{deduplication_id=e35c9a42-2c24-4e8a-8fcb-2ffabdb69c08}:data_up{dev_eui="27fa133c32b32fd7"}: chirpstack::storage::device_gateway: Gateway rx-info saved dev_eui=27fa133c32b32fd7
chirpstack-1                              | 2025-03-21T10:18:54.891322Z  INFO chirpstack::integration::http: Posting event event=up url=https://webhook.site/9a749c97-d5ad-4de9-87e5-6622d0661bb2
chirpstack-1                              | 2025-03-21T10:18:54.892531Z  INFO chirpstack::integration::mqtt: Publishing event topic=application/f5695329-d3a0-468b-b2f3-64399dd3d3fa/device/27fa133c32b32fd7/event/up
chirpstack-1                              | 2025-03-21T10:18:54.894930Z  INFO up{deduplication_id=e35c9a42-2c24-4e8a-8fcb-2ffabdb69c08}:data_up{dev_eui="27fa133c32b32fd7"}: chirpstack::storage::device: Device partially updated dev_eui=27fa133c32b32fd7
chirpstack-1                              | 2025-03-21T10:18:54.895097Z  INFO up{deduplication_id=e35c9a42-2c24-4e8a-8fcb-2ffabdb69c08}:data_up{dev_eui="27fa133c32b32fd7"}: chirpstack::storage::metrics: Metrics saved name=device:27fa133c32b32fd7 aggregation=HOUR
chirpstack-1                              | 2025-03-21T10:18:54.895139Z  INFO up{deduplication_id=e35c9a42-2c24-4e8a-8fcb-2ffabdb69c08}:data_up{dev_eui="27fa133c32b32fd7"}: chirpstack::storage::metrics: Metrics saved name=device:27fa133c32b32fd7 aggregation=DAY
chirpstack-1                              | 2025-03-21T10:18:54.895155Z  INFO up{deduplication_id=e35c9a42-2c24-4e8a-8fcb-2ffabdb69c08}:data_up{dev_eui="27fa133c32b32fd7"}: chirpstack::storage::metrics: Metrics saved name=device:27fa133c32b32fd7 aggregation=MONTH
chirpstack-1                              | 2025-03-21T10:18:54.977823Z  WARN chirpstack::integration::http: Posting event failed event=up url=https://webhook.site/9a749c97-d5ad-4de9-87e5-6622d0661bb2 error=HTTP status client error (429 Too Many Requests) for url (https://webhook.site/9a749c97-d5ad-4de9-87e5-6622d0661bb2?event=up)
chirpstack-1                              | 2025-03-21T10:18:59.007477Z  INFO up{deduplication_id=e35c9a42-2c24-4e8a-8fcb-2ffabdb69c08}:data_up{dev_eui="27fa133c32b32fd7"}:data_down{downlink_id=2824174981}: chirpstack::storage::mac_command: Pending mac-command block set dev_eui=27fa133c32b32fd7 cid=NewChannelReq
chirpstack-1                              | 2025-03-21T10:18:59.008052Z  INFO up{deduplication_id=e35c9a42-2c24-4e8a-8fcb-2ffabdb69c08}:data_up{dev_eui="27fa133c32b32fd7"}:data_down{downlink_id=2824174981}: chirpstack::storage::mac_command: Pending mac-command block set dev_eui=27fa133c32b32fd7 cid=LinkADRReq
chirpstack-gateway-bridge-1               | time="2025-03-21T10:18:59.013131103Z" level=info msg="integration/mqtt: downlink frame received" downlink_id=2824174981 gateway_id=ac1f09fffe0fb6c2
chirpstack-1                              | 2025-03-21T10:18:59.008546Z  INFO up{deduplication_id=e35c9a42-2c24-4e8a-8fcb-2ffabdb69c08}:data_up{dev_eui="27fa133c32b32fd7"}:data_down{downlink_id=2824174981}: chirpstack::storage::mac_command: Pending mac-command block set dev_eui=27fa133c32b32fd7 cid=RxParamSetupReq
chirpstack-gateway-bridge-1               | time="2025-03-21T10:18:59.019506549Z" level=info msg="integration/mqtt: publishing event" event=ack qos=0 topic=eu868/gateway/ac1f09fffe0fb6c2/event/ack
chirpstack-1                              | 2025-03-21T10:18:59.009185Z  INFO up{deduplication_id=e35c9a42-2c24-4e8a-8fcb-2ffabdb69c08}:data_up{dev_eui="27fa133c32b32fd7"}:data_down{downlink_id=2824174981}: chirpstack::storage::mac_command: Pending mac-command block set dev_eui=27fa133c32b32fd7 cid=RxTimingSetupReq
chirpstack-1                              | 2025-03-21T10:18:59.009768Z  INFO up{deduplication_id=e35c9a42-2c24-4e8a-8fcb-2ffabdb69c08}:data_up{dev_eui="27fa133c32b32fd7"}:data_down{downlink_id=2824174981}: chirpstack::storage::downlink_frame: Downlink-frame saved downlink_id=2824174981
chirpstack-1                              | 2025-03-21T10:18:59.012535Z  INFO up{deduplication_id=e35c9a42-2c24-4e8a-8fcb-2ffabdb69c08}:data_up{dev_eui="27fa133c32b32fd7"}:data_down{downlink_id=2824174981}: chirpstack::storage::device: Device partially updated dev_eui=27fa133c32b32fd7
chirpstack-1                              | 2025-03-21T10:18:59.012625Z  INFO up{deduplication_id=e35c9a42-2c24-4e8a-8fcb-2ffabdb69c08}:data_up{dev_eui="27fa133c32b32fd7"}:data_down{downlink_id=2824174981}: chirpstack::gateway::backend::mqtt: Sending downlink frame region_id=eu868 gateway_id=ac1f09fffe0fb6c2 topic=eu868/gateway/ac1f09fffe0fb6c2/command/down json=false
chirpstack-1                              | 2025-03-21T10:18:59.019894Z  INFO chirpstack::gateway::backend::mqtt: Message received from gateway region_id="eu868" topic=eu868/gateway/ac1f09fffe0fb6c2/event/ack qos=AtMostOnce json=false
chirpstack-1                              | 2025-03-21T10:18:59.024077Z  INFO tx_ack{downlink_id=2824174981}: chirpstack::storage::device: Device partially updated dev_eui=27fa133c32b32fd7
chirpstack-1                              | 2025-03-21T10:18:59.024146Z  INFO tx_ack{downlink_id=2824174981}: chirpstack::downlink::tx_ack: Log downlink-frame for gateway gateway_id=ac1f09fffe0fb6c2
chirpstack-1                              | 2025-03-21T10:18:59.025352Z  INFO tx_ack{downlink_id=2824174981}: chirpstack::downlink::tx_ack: Log downlink-frame for device device_eui=27fa133c32b32fd7
redis-1                                   | 1:M 21 Mar 2025 10:19:07.100 * 100 changes in 60 seconds. Saving...
redis-1                                   | 1:M 21 Mar 2025 10:19:07.101 * Background saving started by pid 907
redis-1                                   | 907:C 21 Mar 2025 10:19:07.109 * DB saved on disk
redis-1                                   | 907:C 21 Mar 2025 10:19:07.110 * Fork CoW for RDB: current 0 MB, peak 0 MB, average 0 MB
redis-1                                   | 1:M 21 Mar 2025 10:19:07.202 * Background saving terminated with success
chirpstack-gateway-bridge-1               | time="2025-03-21T10:19:23.213392467Z" level=info msg="integration/mqtt: publishing event" event=stats qos=0 topic=eu868/gateway/ac1f09fffe0fb6c2/event/stats
chirpstack-1                              | 2025-03-21T10:19:23.213784Z  INFO chirpstack::gateway::backend::mqtt: Message received from gateway region_id="eu868" topic=eu868/gateway/ac1f09fffe0fb6c2/event/stats
 qos=AtMostOnce json=false
chirpstack-1                              | 2025-03-21T10:19:23.216126Z  INFO stats{gateway_id=ac1f09fffe0fb6c2}: chirpstack::storage::gateway: Gateway partially updated gateway_id=ac1f09fffe0fb6c2
chirpstack-1                              | 2025-03-21T10:19:23.216272Z  INFO stats{gateway_id=ac1f09fffe0fb6c2}: chirpstack::storage::metrics: Metrics saved name=gw:ac1f09fffe0fb6c2 aggregation=HOUR
chirpstack-1                              | 2025-03-21T10:19:23.216291Z  INFO stats{gateway_id=ac1f09fffe0fb6c2}: chirpstack::storage::metrics: Metrics saved name=gw:ac1f09fffe0fb6c2 aggregation=DAY
chirpstack-1                              | 2025-03-21T10:19:23.216326Z  INFO stats{gateway_id=ac1f09fffe0fb6c2}: chirpstack::storage::metrics: Metrics saved name=gw:ac1f09fffe0fb6c2 aggregation=MONTH
chirpstack-gateway-bridge-1               | time="2025-03-21T10:19:24.883812406Z" level=info msg="integration/mqtt: publishing event" event=up qos=0 topic=eu868/gateway/ac1f09fffe0fb6c2/event/up uplink_id=28661
chirpstack-1                              | 2025-03-21T10:19:24.884250Z  INFO chirpstack::gateway::backend::mqtt: Message received from gateway region_id="eu868" topic=eu868/gateway/ac1f09fffe0fb6c2/event/up qos=AtMostOnce json=false
chirpstack-1                              | 2025-03-21T10:19:25.086477Z  INFO up{deduplication_id=bccd9b2f-2c5c-4bb7-baa9-3e150e091f9a}: chirpstack::uplink: Uplink received m_type=UnconfirmedDataUp
chirpstack-1                              | 2025-03-21T10:19:25.093921Z  INFO up{deduplication_id=bccd9b2f-2c5c-4bb7-baa9-3e150e091f9a}:data_up{dev_eui="27fa133c32b32fd7"}: chirpstack::storage::device_gateway: Gateway rx-info saved dev_eui=27fa133c32b32fd7
chirpstack-1                              | 2025-03-21T10:19:25.105290Z  INFO chirpstack::integration::http: Posting event event=up url=https://webhook.site/9a749c97-d5ad-4de9-87e5-6622d0661bb2
chirpstack-1                              | 2025-03-21T10:19:25.105726Z  INFO chirpstack::integration::mqtt: Publishing event topic=application/f5695329-d3a0-468b-b2f3-64399dd3d3fa/device/27fa133c32b32fd7/event/up
chirpstack-1                              | 2025-03-21T10:19:25.108261Z  INFO up{deduplication_id=bccd9b2f-2c5c-4bb7-baa9-3e150e091f9a}:data_up{dev_eui="27fa133c32b32fd7"}: chirpstack::storage::device: Device partially updated dev_eui=27fa133c32b32fd7
chirpstack-1                              | 2025-03-21T10:19:25.108424Z  INFO up{deduplication_id=bccd9b2f-2c5c-4bb7-baa9-3e150e091f9a}:data_up{dev_eui="27fa133c32b32fd7"}: chirpstack::storage::metrics: Metrics saved name=device:27fa133c32b32fd7 aggregation=HOUR
chirpstack-1                              | 2025-03-21T10:19:25.108443Z  INFO up{deduplication_id=bccd9b2f-2c5c-4bb7-baa9-3e150e091f9a}:data_up{dev_eui="27fa133c32b32fd7"}: chirpstack::storage::metrics: Metrics saved name=device:27fa133c32b32fd7 aggregation=DAY
chirpstack-1                              | 2025-03-21T10:19:25.108496Z  INFO up{deduplication_id=bccd9b2f-2c5c-4bb7-baa9-3e150e091f9a}:data_up{dev_eui="27fa133c32b32fd7"}: chirpstack::storage::metrics: Metrics saved name=device:27fa133c32b32fd7 aggregation=MONTH
chirpstack-1                              | 2025-03-21T10:19:25.227382Z  WARN chirpstack::integration::http: Posting event failed event=up url=https://webhook.site/9a749c97-d5ad-4de9-87e5-6622d0661bb2 error=HTTP status client error (429 Too Many Requests) for url (https://webhook.site/9a749c97-d5ad-4de9-87e5-6622d0661bb2?event=up)
chirpstack-1                              | 2025-03-21T10:19:29.218586Z  INFO up{deduplication_id=bccd9b2f-2c5c-4bb7-baa9-3e150e091f9a}:data_up{dev_eui="27fa133c32b32fd7"}:data_down{downlink_id=439412370}: chirpstack::storage::mac_command: Pending mac-command block set dev_eui=27fa133c32b32fd7 cid=NewChannelReq
chirpstack-1                              | 2025-03-21T10:19:29.219006Z  INFO up{deduplication_id=bccd9b2f-2c5c-4bb7-baa9-3e150e091f9a}:data_up{dev_eui="27fa133c32b32fd7"}:data_down{downlink_id=439412370}: chirpstack::storage::mac_command: Pending mac-command block set dev_eui=27fa133c32b32fd7 cid=LinkADRReq
chirpstack-gateway-bridge-1               | time="2025-03-21T10:19:29.225591262Z" level=info msg="integration/mqtt: downlink frame received" downlink_id=439412370 gateway_id=ac1f09fffe0fb6c2
chirpstack-1                              | 2025-03-21T10:19:29.219770Z  INFO up{deduplication_id=bccd9b2f-2c5c-4bb7-baa9-3e150e091f9a}:data_up{dev_eui="27fa133c32b32fd7"}:data_down{downlink_id=439412370}: chirpstack::storage::mac_command: Pending mac-command block set dev_eui=27fa133c32b32fd7 cid=RxParamSetupReq
chirpstack-gateway-bridge-1               | time="2025-03-21T10:19:29.231937452Z" level=info msg="integration/mqtt: publishing event" event=ack qos=0 topic=eu868/gateway/ac1f09fffe0fb6c2/event/ack
chirpstack-1                              | 2025-03-21T10:19:29.220310Z  INFO up{deduplication_id=bccd9b2f-2c5c-4bb7-baa9-3e150e091f9a}:data_up{dev_eui="27fa133c32b32fd7"}:data_down{downlink_id=439412370}: chirpstack::storage::mac_command: Pending mac-command block set dev_eui=27fa133c32b32fd7 cid=RxTimingSetupReq
chirpstack-1                              | 2025-03-21T10:19:29.221224Z  INFO up{deduplication_id=bccd9b2f-2c5c-4bb7-baa9-3e150e091f9a}:data_up{dev_eui="27fa133c32b32fd7"}:data_down{downlink_id=439412370}: chirpstack::storage::downlink_frame: Downlink-frame saved downlink_id=439412370
chirpstack-1                              | 2025-03-21T10:19:29.225030Z  INFO up{deduplication_id=bccd9b2f-2c5c-4bb7-baa9-3e150e091f9a}:data_up{dev_eui="27fa133c32b32fd7"}:data_down{downlink_id=439412370}: chirpstack::storage::device: Device partially updated dev_eui=27fa133c32b32fd7
chirpstack-1                              | 2025-03-21T10:19:29.225114Z  INFO up{deduplication_id=bccd9b2f-2c5c-4bb7-baa9-3e150e091f9a}:data_up{dev_eui="27fa133c32b32fd7"}:data_down{downlink_id=439412370}: chirpstack::gateway::backend::mqtt: Sending downlink frame region_id=eu868 gateway_id=ac1f09fffe0fb6c2 topic=eu868/gateway/ac1f09fffe0fb6c2/command/down json=false
chirpstack-1                              | 2025-03-21T10:19:29.232366Z  INFO chirpstack::gateway::backend::mqtt: Message received from gateway region_id="eu868" topic=eu868/gateway/ac1f09fffe0fb6c2/event/ack qos=AtMostOnce json=false
chirpstack-1                              | 2025-03-21T10:19:29.236527Z  INFO tx_ack{downlink_id=439412370}: chirpstack::storage::device: Device partially updated dev_eui=27fa133c32b32fd7
chirpstack-1                              | 2025-03-21T10:19:29.236585Z  INFO tx_ack{downlink_id=439412370}: chirpstack::downlink::tx_ack: Log downlink-frame for gateway gateway_id=ac1f09fffe0fb6c2
chirpstack-1                              | 2025-03-21T10:19:29.237653Z  INFO tx_ack{downlink_id=439412370}: chirpstack::downlink::tx_ack: Log downlink-frame for device device_eui=27fa133c32b32fd7
chirpstack-gateway-bridge-1               | time="2025-03-21T10:19:53.252396125Z" level=info msg="integration/mqtt: publishing event" event=stats qos=0 topic=eu868/gateway/ac1f09fffe0fb6c2/event/stats
chirpstack-1                              | 2025-03-21T10:19:53.252774Z  INFO chirpstack::gateway::backend::mqtt: Message received from gateway region_id="eu868" topic=eu868/gateway/ac1f09fffe0fb6c2/event/stats
 qos=AtMostOnce json=false
chirpstack-1                              | 2025-03-21T10:19:53.256719Z  INFO stats{gateway_id=ac1f09fffe0fb6c2}: chirpstack::storage::gateway: Gateway partially updated gateway_id=ac1f09fffe0fb6c2
chirpstack-1                              | 2025-03-21T10:19:53.256852Z  INFO stats{gateway_id=ac1f09fffe0fb6c2}: chirpstack::storage::metrics: Metrics saved name=gw:ac1f09fffe0fb6c2 aggregation=HOUR
chirpstack-1                              | 2025-03-21T10:19:53.256869Z  INFO stats{gateway_id=ac1f09fffe0fb6c2}: chirpstack::storage::metrics: Metrics saved name=gw:ac1f09fffe0fb6c2 aggregation=DAY
