chirpstack-1                              | 2025-03-21T10:23:00.665981Z  INFO up{deduplication_id=fad5affa-aeb4-4d9e-92b8-bc915c748802}:data_up{dev_eui="27fa133c32b32fd7"}:data_down{downlink_id=201131599}: chirpstack::storage::mac_command: Pending mac-command block set dev_eui=27fa133c32b32fd7 cid=RxTimingSetupReq
chirpstack-1                              | 2025-03-21T10:23:00.666594Z  INFO up{deduplication_id=fad5affa-aeb4-4d9e-92b8-bc915c748802}:data_up{dev_eui="27fa133c32b32fd7"}:data_down{downlink_id=201131599}: chirpstack::storage::downlink_frame: Downlink-frame saved downlink_id=201131599
chirpstack-1                              | 2025-03-21T10:23:00.669378Z  INFO up{deduplication_id=fad5affa-aeb4-4d9e-92b8-bc915c748802}:data_up{dev_eui="27fa133c32b32fd7"}:data_down{downlink_id=201131599}: chirpstack::storage::device: Device partially updated dev_eui=27fa133c32b32fd7
chirpstack-1                              | 2025-03-21T10:23:00.669448Z  INFO up{deduplication_id=fad5affa-aeb4-4d9e-92b8-bc915c748802}:data_up{dev_eui="27fa133c32b32fd7"}:data_down{downlink_id=201131599}: chirpstack::gateway::backend::mqtt: Sending downlink frame region_id=eu868 gateway_id=ac1f09fffe0fb6c2 topic=eu868/gateway/ac1f09fffe0fb6c2/command/down json=false
chirpstack-1                              | 2025-03-21T10:23:00.674977Z  INFO chirpstack::gateway::backend::mqtt: Message received from gateway region_id="eu868" topic=eu868/gateway/ac1f09fffe0fb6c2/event/ack qos=AtMostOnce json=false
chirpstack-1                              | 2025-03-21T10:23:00.678583Z  INFO tx_ack{downlink_id=201131599}: chirpstack::storage::device: Device partially updated dev_eui=27fa133c32b32fd7
chirpstack-1                              | 2025-03-21T10:23:00.678632Z  INFO tx_ack{downlink_id=201131599}: chirpstack::downlink::tx_ack: Log downlink-frame for gateway gateway_id=ac1f09fffe0fb6c2
chirpstack-1                              | 2025-03-21T10:23:00.679575Z  INFO tx_ack{downlink_id=201131599}: chirpstack::downlink::tx_ack: Log downlink-frame for device device_eui=27fa133c32b32fd7
redis-1                                   | 1:M 21 Mar 2025 10:23:11.086 * 100 changes in 60 seconds. Saving...
redis-1                                   | 1:M 21 Mar 2025 10:23:11.087 * Background saving started by pid 911
redis-1                                   | 911:C 21 Mar 2025 10:23:11.094 * DB saved on disk
redis-1                                   | 911:C 21 Mar 2025 10:23:11.094 * Fork CoW for RDB: current 0 MB, peak 0 MB, average 0 MB
redis-1                                   | 1:M 21 Mar 2025 10:23:11.188 * Background saving terminated with success
chirpstack-1                              | 2025-03-21T10:23:23.476760Z  INFO chirpstack::gateway::backend::mqtt: Message received from gateway region_id="eu868" topic=eu868/gateway/ac1f09fffe0fb6c2/event/stats
 qos=AtMostOnce json=false
chirpstack-gateway-bridge-1               | time="2025-03-21T10:23:23.476419514Z" level=info msg="integration/mqtt: publishing event" event=stats qos=0 topic=eu868/gateway/ac1f09fffe0fb6c2/event/stats
chirpstack-1                              | 2025-03-21T10:23:23.480675Z  INFO stats{gateway_id=ac1f09fffe0fb6c2}: chirpstack::storage::gateway: Gateway partially updated gateway_id=ac1f09fffe0fb6c2
chirpstack-1                              | 2025-03-21T10:23:23.480822Z  INFO stats{gateway_id=ac1f09fffe0fb6c2}: chirpstack::storage::metrics: Metrics saved name=gw:ac1f09fffe0fb6c2 aggregation=HOUR
chirpstack-1                              | 2025-03-21T10:23:23.480842Z  INFO stats{gateway_id=ac1f09fffe0fb6c2}: chirpstack::storage::metrics: Metrics saved name=gw:ac1f09fffe0fb6c2 aggregation=DAY
chirpstack-1                              | 2025-03-21T10:23:23.480877Z  INFO stats{gateway_id=ac1f09fffe0fb6c2}: chirpstack::storage::metrics: Metrics saved name=gw:ac1f09fffe0fb6c2 aggregation=MONTH
chirpstack-gateway-bridge-1               | time="2025-03-21T10:23:26.580078352Z" level=info msg="integration/mqtt: publishing event" event=up qos=0 topic=eu868/gateway/ac1f09fffe0fb6c2/event/up uplink_id=13495
chirpstack-1                              | 2025-03-21T10:23:26.580573Z  INFO chirpstack::gateway::backend::mqtt: Message received from gateway region_id="eu868" topic=eu868/gateway/ac1f09fffe0fb6c2/event/up qos=AtMostOnce json=false
chirpstack-1                              | 2025-03-21T10:23:26.783884Z  INFO up{deduplication_id=7b26eeac-7356-4e33-99f7-0751fce0d9d5}: chirpstack::uplink: Uplink received m_type=UnconfirmedDataUp
chirpstack-1                              | 2025-03-21T10:23:26.792499Z  INFO up{deduplication_id=7b26eeac-7356-4e33-99f7-0751fce0d9d5}:data_up{dev_eui="27fa133c32b32fd7"}: chirpstack::storage::device_gateway: Gateway rx-info saved dev_eui=27fa133c32b32fd7
chirpstack-1                              | 2025-03-21T10:23:26.799834Z  INFO chirpstack::integration::http: Posting event event=up url=https://webhook.site/9a749c97-d5ad-4de9-87e5-6622d0661bb2
chirpstack-1                              | 2025-03-21T10:23:26.800160Z  INFO chirpstack::integration::mqtt: Publishing event topic=application/f5695329-d3a0-468b-b2f3-64399dd3d3fa/device/27fa133c32b32fd7/event/up
chirpstack-1                              | 2025-03-21T10:23:26.802851Z  INFO up{deduplication_id=7b26eeac-7356-4e33-99f7-0751fce0d9d5}:data_up{dev_eui="27fa133c32b32fd7"}: chirpstack::storage::device: Device partially updated dev_eui=27fa133c32b32fd7
chirpstack-1                              | 2025-03-21T10:23:26.802967Z  INFO up{deduplication_id=7b26eeac-7356-4e33-99f7-0751fce0d9d5}:data_up{dev_eui="27fa133c32b32fd7"}: chirpstack::storage::metrics: Metrics saved name=device:27fa133c32b32fd7 aggregation=HOUR
chirpstack-1                              | 2025-03-21T10:23:26.803016Z  INFO up{deduplication_id=7b26eeac-7356-4e33-99f7-0751fce0d9d5}:data_up{dev_eui="27fa133c32b32fd7"}: chirpstack::storage::metrics: Metrics saved name=device:27fa133c32b32fd7 aggregation=DAY
chirpstack-1                              | 2025-03-21T10:23:26.803032Z  INFO up{deduplication_id=7b26eeac-7356-4e33-99f7-0751fce0d9d5}:data_up{dev_eui="27fa133c32b32fd7"}: chirpstack::storage::metrics: Metrics saved name=device:27fa133c32b32fd7 aggregation=MONTH
chirpstack-1                              | 2025-03-21T10:23:26.902008Z  WARN chirpstack::integration::http: Posting event failed event=up url=https://webhook.site/9a749c97-d5ad-4de9-87e5-6622d0661bb2 error=HTTP status client error (429 Too Many Requests) for url (https://webhook.site/9a749c97-d5ad-4de9-87e5-6622d0661bb2?event=up)
chirpstack-1                              | 2025-03-21T10:23:30.906857Z  INFO up{deduplication_id=7b26eeac-7356-4e33-99f7-0751fce0d9d5}:data_up{dev_eui="27fa133c32b32fd7"}:data_down{downlink_id=1926519105}: chirpstack::storage::mac_command: Pending mac-command block set dev_eui=27fa133c32b32fd7 cid=NewChannelReq
chirpstack-1                              | 2025-03-21T10:23:30.907216Z  INFO up{deduplication_id=7b26eeac-7356-4e33-99f7-0751fce0d9d5}:data_up{dev_eui="27fa133c32b32fd7"}:data_down{downlink_id=1926519105}: chirpstack::storage::mac_command: Pending mac-command block set dev_eui=27fa133c32b32fd7 cid=LinkADRReq
chirpstack-gateway-bridge-1               | time="2025-03-21T10:23:30.912048842Z" level=info msg="integration/mqtt: downlink frame received" downlink_id=1926519105 gateway_id=ac1f09fffe0fb6c2
chirpstack-1                              | 2025-03-21T10:23:30.907640Z  INFO up{deduplication_id=7b26eeac-7356-4e33-99f7-0751fce0d9d5}:data_up{dev_eui="27fa133c32b32fd7"}:data_down{downlink_id=1926519105}: chirpstack::storage::mac_command: Pending mac-command block set dev_eui=27fa133c32b32fd7 cid=RxParamSetupReq
chirpstack-gateway-bridge-1               | time="2025-03-21T10:23:30.918338106Z" level=info msg="integration/mqtt: publishing event" event=ack qos=0 topic=eu868/gateway/ac1f09fffe0fb6c2/event/ack
chirpstack-1                              | 2025-03-21T10:23:30.908171Z  INFO up{deduplication_id=7b26eeac-7356-4e33-99f7-0751fce0d9d5}:data_up{dev_eui="27fa133c32b32fd7"}:data_down{downlink_id=1926519105}: chirpstack::storage::mac_command: Pending mac-command block set dev_eui=27fa133c32b32fd7 cid=RxTimingSetupReq
chirpstack-1                              | 2025-03-21T10:23:30.908723Z  INFO up{deduplication_id=7b26eeac-7356-4e33-99f7-0751fce0d9d5}:data_up{dev_eui="27fa133c32b32fd7"}:data_down{downlink_id=1926519105}: chirpstack::storage::downlink_frame: Downlink-frame saved downlink_id=1926519105
chirpstack-1                              | 2025-03-21T10:23:30.911521Z  INFO up{deduplication_id=7b26eeac-7356-4e33-99f7-0751fce0d9d5}:data_up{dev_eui="27fa133c32b32fd7"}:data_down{downlink_id=1926519105}: chirpstack::storage::device: Device partially updated dev_eui=27fa133c32b32fd7
chirpstack-1                              | 2025-03-21T10:23:30.911609Z  INFO up{deduplication_id=7b26eeac-7356-4e33-99f7-0751fce0d9d5}:data_up{dev_eui="27fa133c32b32fd7"}:data_down{downlink_id=1926519105}: chirpstack::gateway::backend::mqtt: Sending downlink frame region_id=eu868 gateway_id=ac1f09fffe0fb6c2 topic=eu868/gateway/ac1f09fffe0fb6c2/command/down json=false
chirpstack-1                              | 2025-03-21T10:23:30.918747Z  INFO chirpstack::gateway::backend::mqtt: Message received from gateway region_id="eu868" topic=eu868/gateway/ac1f09fffe0fb6c2/event/ack qos=AtMostOnce json=false
chirpstack-1                              | 2025-03-21T10:23:30.922778Z  INFO tx_ack{downlink_id=1926519105}: chirpstack::storage::device: Device partially updated dev_eui=27fa133c32b32fd7
chirpstack-1                              | 2025-03-21T10:23:30.922830Z  INFO tx_ack{downlink_id=1926519105}: chirpstack::downlink::tx_ack: Log downlink-frame for gateway gateway_id=ac1f09fffe0fb6c2
chirpstack-1                              | 2025-03-21T10:23:30.923724Z  INFO tx_ack{downlink_id=1926519105}: chirpstack::downlink::tx_ack: Log downlink-frame for device device_eui=27fa133c32b32fd7
chirpstack-gateway-bridge-1               | time="2025-03-21T10:23:53.508581294Z" level=info msg="integration/mqtt: publishing event" event=stats qos=0 topic=eu868/gateway/ac1f09fffe0fb6c2/event/stats
chirpstack-1                              | 2025-03-21T10:23:53.508909Z  INFO chirpstack::gateway::backend::mqtt: Message received from gateway region_id="eu868" topic=eu868/gateway/ac1f09fffe0fb6c2/event/stats
 qos=AtMostOnce json=false
chirpstack-1                              | 2025-03-21T10:23:53.511980Z  INFO stats{gateway_id=ac1f09fffe0fb6c2}: chirpstack::storage::gateway: Gateway partially updated gateway_id=ac1f09fffe0fb6c2
chirpstack-1                              | 2025-03-21T10:23:53.512118Z  INFO stats{gateway_id=ac1f09fffe0fb6c2}: chirpstack::storage::metrics: Metrics saved name=gw:ac1f09fffe0fb6c2 aggregation=HOUR
chirpstack-1                              | 2025-03-21T10:23:53.512134Z  INFO stats{gateway_id=ac1f09fffe0fb6c2}: chirpstack::storage::metrics: Metrics saved name=gw:ac1f09fffe0fb6c2 aggregation=DAY
chirpstack-1                              | 2025-03-21T10:23:53.512195Z  INFO stats{gateway_id=ac1f09fffe0fb6c2}: chirpstack::storage::metrics: Metrics saved name=gw:ac1f09fffe0fb6c2 aggregation=MONTH
chirpstack-gateway-bridge-1               | time="2025-03-21T10:23:56.754879482Z" level=info msg="integration/mqtt: publishing event" event=up qos=0 topic=eu868/gateway/ac1f09fffe0fb6c2/event/up uplink_id=34570
chirpstack-1                              | 2025-03-21T10:23:56.755330Z  INFO chirpstack::gateway::backend::mqtt: Message received from gateway region_id="eu868" topic=eu868/gateway/ac1f09fffe0fb6c2/event/up qos=AtMostOnce json=false
chirpstack-1                              | 2025-03-21T10:23:56.957883Z  INFO up{deduplication_id=984108bc-5634-4d06-820c-e836c68cccd3}: chirpstack::uplink: Uplink received m_type=UnconfirmedDataUp
chirpstack-1                              | 2025-03-21T10:23:56.966477Z  INFO up{deduplication_id=984108bc-5634-4d06-820c-e836c68cccd3}:data_up{dev_eui="27fa133c32b32fd7"}: chirpstack::storage::device_gateway: Gateway rx-info saved dev_eui=27fa133c32b32fd7
chirpstack-1                              | 2025-03-21T10:23:56.974025Z  INFO chirpstack::integration::http: Posting event event=up url=https://webhook.site/9a749c97-d5ad-4de9-87e5-6622d0661bb2
chirpstack-1                              | 2025-03-21T10:23:56.974380Z  INFO chirpstack::integration::mqtt: Publishing event topic=application/f5695329-d3a0-468b-b2f3-64399dd3d3fa/device/27fa133c32b32fd7/event/up
chirpstack-1                              | 2025-03-21T10:23:56.980007Z  INFO up{deduplication_id=984108bc-5634-4d06-820c-e836c68cccd3}:data_up{dev_eui="27fa133c32b32fd7"}: chirpstack::storage::device: Device partially updated dev_eui=27fa133c32b32fd7
chirpstack-1                              | 2025-03-21T10:23:56.980206Z  INFO up{deduplication_id=984108bc-5634-4d06-820c-e836c68cccd3}:data_up{dev_eui="27fa133c32b32fd7"}: chirpstack::storage::metrics: Metrics saved name=device:27fa133c32b32fd7 aggregation=HOUR
chirpstack-1                              | 2025-03-21T10:23:56.980232Z  INFO up{deduplication_id=984108bc-5634-4d06-820c-e836c68cccd3}:data_up{dev_eui="27fa133c32b32fd7"}: chirpstack::storage::metrics: Metrics saved name=device:27fa133c32b32fd7 aggregation=DAY
chirpstack-1                              | 2025-03-21T10:23:56.980246Z  INFO up{deduplication_id=984108bc-5634-4d06-820c-e836c68cccd3}:data_up{dev_eui="27fa133c32b32fd7"}: chirpstack::storage::metrics: Metrics saved name=device:27fa133c32b32fd7 aggregation=MONTH
chirpstack-1                              | 2025-03-21T10:23:57.083041Z  WARN chirpstack::integration::http: Posting event failed event=up url=https://webhook.site/9a749c97-d5ad-4de9-87e5-6622d0661bb2 error=HTTP status client error (429 Too Many Requests) for url (https://webhook.site/9a749c97-d5ad-4de9-87e5-6622d0661bb2?event=up)
chirpstack-1                              | 2025-03-21T10:24:01.084108Z  INFO up{deduplication_id=984108bc-5634-4d06-820c-e836c68cccd3}:data_up{dev_eui="27fa133c32b32fd7"}:data_down{downlink_id=223947816}: chirpstack::storage::mac_command: Pending mac-command block set dev_eui=27fa133c32b32fd7 cid=NewChannelReq
chirpstack-1                              | 2025-03-21T10:24:01.084776Z  INFO up{deduplication_id=984108bc-5634-4d06-820c-e836c68cccd3}:data_up{dev_eui="27fa133c32b32fd7"}:data_down{downlink_id=223947816}: chirpstack::storage::mac_command: Pending mac-command block set dev_eui=27fa133c32b32fd7 cid=LinkADRReq
chirpstack-gateway-bridge-1               | time="2025-03-21T10:24:01.090886899Z" level=info msg="integration/mqtt: downlink frame received" downlink_id=223947816 gateway_id=ac1f09fffe0fb6c2
chirpstack-1                              | 2025-03-21T10:24:01.085330Z  INFO up{deduplication_id=984108bc-5634-4d06-820c-e836c68cccd3}:data_up{dev_eui="27fa133c32b32fd7"}:data_down{downlink_id=223947816}: chirpstack::storage::mac_command: Pending mac-command block set dev_eui=27fa133c32b32fd7 cid=RxParamSetupReq
chirpstack-gateway-bridge-1               | time="2025-03-21T10:24:01.095847641Z" level=info msg="integration/mqtt: publishing event" event=ack qos=0 topic=eu868/gateway/ac1f09fffe0fb6c2/event/ack
chirpstack-1                              | 2025-03-21T10:24:01.085943Z  INFO up{deduplication_id=984108bc-5634-4d06-820c-e836c68cccd3}:data_up{dev_eui="27fa133c32b32fd7"}:data_down{downlink_id=223947816}: chirpstack::storage::mac_command: Pending mac-command block set dev_eui=27fa133c32b32fd7 cid=RxTimingSetupReq
chirpstack-1                              | 2025-03-21T10:24:01.086654Z  INFO up{deduplication_id=984108bc-5634-4d06-820c-e836c68cccd3}:data_up{dev_eui="27fa133c32b32fd7"}:data_down{downlink_id=223947816}: chirpstack::storage::downlink_frame: Downlink-frame saved downlink_id=223947816
chirpstack-1                              | 2025-03-21T10:24:01.090274Z  INFO up{deduplication_id=984108bc-5634-4d06-820c-e836c68cccd3}:data_up{dev_eui="27fa133c32b32fd7"}:data_down{downlink_id=223947816}: chirpstack::storage::device: Device partially updated dev_eui=27fa133c32b32fd7
chirpstack-1                              | 2025-03-21T10:24:01.090361Z  INFO up{deduplication_id=984108bc-5634-4d06-820c-e836c68cccd3}:data_up{dev_eui="27fa133c32b32fd7"}:data_down{downlink_id=223947816}: chirpstack::gateway::backend::mqtt: Sending downlink frame region_id=eu868 gateway_id=ac1f09fffe0fb6c2 topic=eu868/gateway/ac1f09fffe0fb6c2/command/down json=false
chirpstack-1                              | 2025-03-21T10:24:01.096282Z  INFO chirpstack::gateway::backend::mqtt: Message received from gateway region_id="eu868" topic=eu868/gateway/ac1f09fffe0fb6c2/event/ack qos=AtMostOnce json=false
chirpstack-1                              | 2025-03-21T10:24:01.100358Z  INFO tx_ack{downlink_id=223947816}: chirpstack::storage::device: Device partially updated dev_eui=27fa133c32b32fd7
chirpstack-1                              | 2025-03-21T10:24:01.100411Z  INFO tx_ack{downlink_id=223947816}: chirpstack::downlink::tx_ack: Log downlink-frame for gateway gateway_id=ac1f09fffe0fb6c2
chirpstack-1                              | 2025-03-21T10:24:01.101513Z  INFO tx_ack{downlink_id=223947816}: chirpstack::downlink::tx_ack: Log downlink-frame for device device_eui=27fa133c32b32fd7
redis-1                                   | 1:M 21 Mar 2025 10:24:12.015 * 100 changes in 60 seconds. Saving...
redis-1                                   | 1:M 21 Mar 2025 10:24:12.015 * Background saving started by pid 912
redis-1                                   | 912:C 21 Mar 2025 10:24:12.022 * DB saved on disk
redis-1                                   | 912:C 21 Mar 2025 10:24:12.023 * Fork CoW for RDB: current 0 MB, peak 0 MB, average 0 MB
redis-1                                   | 1:M 21 Mar 2025 10:24:12.116 * Background saving terminated with success
chirpstack-1                              | 2025-03-21T10:24:23.530444Z  INFO chirpstack::gateway::backend::mqtt: Message received from gateway region_id="eu868" topic=eu868/gateway/ac1f09fffe0fb6c2/event/stats
 qos=AtMostOnce json=false
chirpstack-gateway-bridge-1               | time="2025-03-21T10:24:23.53012336Z" level=info msg="integration/mqtt: publishing event" event=stats qos=0 topic=eu868/gateway/ac1f09fffe0fb6c2/event/stats
chirpstack-1                              | 2025-03-21T10:24:23.534161Z  INFO stats{gateway_id=ac1f09fffe0fb6c2}: chirpstack::storage::gateway: Gateway partially updated gateway_id=ac1f09fffe0fb6c2
chirpstack-1                              | 2025-03-21T10:24:23.534320Z  INFO stats{gateway_id=ac1f09fffe0fb6c2}: chirpstack::storage::metrics: Metrics saved name=gw:ac1f09fffe0fb6c2 aggregation=HOUR
chirpstack-1                              | 2025-03-21T10:24:23.534361Z  INFO stats{gateway_id=ac1f09fffe0fb6c2}: chirpstack::storage::metrics: Metrics saved name=gw:ac1f09fffe0fb6c2 aggregation=DAY
chirpstack-1                              | 2025-03-21T10:24:23.534376Z  INFO stats{gateway_id=ac1f09fffe0fb6c2}: chirpstack::storage::metrics: Metrics saved name=gw:ac1f09fffe0fb6c2 aggregation=MONTH
chirpstack-gateway-bridge-1               | time="2025-03-21T10:24:26.963392856Z" level=info msg="integration/mqtt: publishing event" event=up qos=0 topic=eu868/gateway/ac1f09fffe0fb6c2/event/up uplink_id=54595
chirpstack-1                              | 2025-03-21T10:24:26.963844Z  INFO chirpstack::gateway::backend::mqtt: Message received from gateway region_id="eu868" topic=eu868/gateway/ac1f09fffe0fb6c2/event/up qos=AtMostOnce json=false
chirpstack-1                              | 2025-03-21T10:24:27.165836Z  INFO up{deduplication_id=885d1665-266a-49de-8fb8-6a0eb32b9cd5}: chirpstack::uplink: Uplink received m_type=UnconfirmedDataUp
chirpstack-1                              | 2025-03-21T10:24:27.175068Z  INFO up{deduplication_id=885d1665-266a-49de-8fb8-6a0eb32b9cd5}:data_up{dev_eui="27fa133c32b32fd7"}: chirpstack::storage::device_gateway: Gateway rx-info saved dev_eui=27fa133c32b32fd7
chirpstack-1                              | 2025-03-21T10:24:27.182005Z  INFO chirpstack::integration::http: Posting event event=up url=https://webhook.site/9a749c97-d5ad-4de9-87e5-6622d0661bb2
chirpstack-1                              | 2025-03-21T10:24:27.182369Z  INFO chirpstack::integration::mqtt: Publishing event topic=application/f5695329-d3a0-468b-b2f3-64399dd3d3fa/device/27fa133c32b32fd7/event/up
chirpstack-1                              | 2025-03-21T10:24:27.183895Z  INFO up{deduplication_id=885d1665-266a-49de-8fb8-6a0eb32b9cd5}:data_up{dev_eui="27fa133c32b32fd7"}: chirpstack::storage::device: Device partially updated dev_eui=27fa133c32b32fd7
chirpstack-1                              | 2025-03-21T10:24:27.184018Z  INFO up{deduplication_id=885d1665-266a-49de-8fb8-6a0eb32b9cd5}:data_up{dev_eui="27fa133c32b32fd7"}: chirpstack::storage::metrics: Metrics saved name=device:27fa133c32b32fd7 aggregation=HOUR
chirpstack-1                              | 2025-03-21T10:24:27.184039Z  INFO up{deduplication_id=885d1665-266a-49de-8fb8-6a0eb32b9cd5}:data_up{dev_eui="27fa133c32b32fd7"}: chirpstack::storage::metrics: Metrics saved name=device:27fa133c32b32fd7 aggregation=DAY
chirpstack-1                              | 2025-03-21T10:24:27.184051Z  INFO up{deduplication_id=885d1665-266a-49de-8fb8-6a0eb32b9cd5}:data_up{dev_eui="27fa133c32b32fd7"}: chirpstack::storage::metrics: Metrics saved name=device:27fa133c32b32fd7 aggregation=MONTH
chirpstack-1                              | 2025-03-21T10:24:31.287730Z  INFO up{deduplication_id=885d1665-266a-49de-8fb8-6a0eb32b9cd5}:data_up{dev_eui="27fa133c32b32fd7"}:data_down{downlink_id=3717440156}: chirpstack::storage::mac_command: Pending mac-command block set dev_eui=27fa133c32b32fd7 cid=NewChannelReq
chirpstack-1                              | 2025-03-21T10:24:31.288552Z  INFO up{deduplication_id=885d1665-266a-49de-8fb8-6a0eb32b9cd5}:data_up{dev_eui="27fa133c32b32fd7"}:data_down{downlink_id=3717440156}: chirpstack::storage::mac_command: Pending mac-command block set dev_eui=27fa133c32b32fd7 cid=LinkADRReq
chirpstack-gateway-bridge-1               | time="2025-03-21T10:24:31.293556653Z" level=info msg="integration/mqtt: downlink frame received" downlink_id=3717440156 gateway_id=ac1f09fffe0fb6c2
chirpstack-1                              | 2025-03-21T10:24:31.289189Z  INFO up{deduplication_id=885d1665-266a-49de-8fb8-6a0eb32b9cd5}:data_up{dev_eui="27fa133c32b32fd7"}:data_down{downlink_id=3717440156}: chirpstack::storage::mac_command: Pending mac-command block set dev_eui=27fa133c32b32fd7 cid=RxParamSetupReq
chirpstack-gateway-bridge-1               | time="2025-03-21T10:24:31.300342557Z" level=info msg="integration/mqtt: publishing event" event=ack qos=0 topic=eu868/gateway/ac1f09fffe0fb6c2/event/ack
chirpstack-1                              | 2025-03-21T10:24:31.289724Z  INFO up{deduplication_id=885d1665-266a-49de-8fb8-6a0eb32b9cd5}:data_up{dev_eui="27fa133c32b32fd7"}:data_down{downlink_id=3717440156}: chirpstack::storage::mac_command: Pending mac-command block set dev_eui=27fa133c32b32fd7 cid=RxTimingSetupReq
chirpstack-1                              | 2025-03-21T10:24:31.290185Z  INFO up{deduplication_id=885d1665-266a-49de-8fb8-6a0eb32b9cd5}:data_up{dev_eui="27fa133c32b32fd7"}:data_down{downlink_id=3717440156}: chirpstack::storage::downlink_frame: Downlink-frame saved downlink_id=3717440156
chirpstack-1                              | 2025-03-21T10:24:31.292780Z  INFO up{deduplication_id=885d1665-266a-49de-8fb8-6a0eb32b9cd5}:data_up{dev_eui="27fa133c32b32fd7"}:data_down{downlink_id=3717440156}: chirpstack::storage::device: Device partially updated dev_eui=27fa133c32b32fd7
chirpstack-1                              | 2025-03-21T10:24:31.292906Z  INFO up{deduplication_id=885d1665-266a-49de-8fb8-6a0eb32b9cd5}:data_up{dev_eui="27fa133c32b32fd7"}:data_down{downlink_id=3717440156}: chirpstack::gateway::backend::mqtt: Sending downlink frame region_id=eu868 gateway_id=ac1f09fffe0fb6c2 topic=eu868/gateway/ac1f09fffe0fb6c2/command/down json=false
chirpstack-1                              | 2025-03-21T10:24:31.300823Z  INFO chirpstack::gateway::backend::mqtt: Message received from gateway region_id="eu868" topic=eu868/gateway/ac1f09fffe0fb6c2/event/ack qos=AtMostOnce json=false
chirpstack-1                              | 2025-03-21T10:24:31.304878Z  INFO tx_ack{downlink_id=3717440156}: chirpstack::storage::device: Device partially updated dev_eui=27fa133c32b32fd7
chirpstack-1                              | 2025-03-21T10:24:31.304934Z  INFO tx_ack{downlink_id=3717440156}: chirpstack::downlink::tx_ack: Log downlink-frame for gateway gateway_id=ac1f09fffe0fb6c2
chirpstack-1                              | 2025-03-21T10:24:31.306367Z  INFO tx_ack{downlink_id=3717440156}: chirpstack::downlink::tx_ack: Log downlink-frame for device device_eui=27fa133c32b32fd7
chirpstack-1                              | 2025-03-21T10:24:32.183444Z  WARN chirpstack::integration::http: Posting event failed event=up url=https://webhook.site/9a749c97-d5ad-4de9-87e5-6622d0661bb2 error=error sending request for url (https://webhook.site/9a749c97-d5ad-4de9-87e5-6622d0661bb2?event=up)
chirpstack-gateway-bridge-1               | time="2025-03-21T10:24:53.551468886Z" level=info msg="integration/mqtt: publishing event" event=stats qos=0 topic=eu868/gateway/ac1f09fffe0fb6c2/event/stats
chirpstack-1                              | 2025-03-21T10:24:53.552200Z  INFO chirpstack::gateway::backend::mqtt: Message received from gateway region_id="eu868" topic=eu868/gateway/ac1f09fffe0fb6c2/event/stats
 qos=AtMostOnce json=false
chirpstack-1                              | 2025-03-21T10:24:53.555174Z  INFO stats{gateway_id=ac1f09fffe0fb6c2}: chirpstack::storage::gateway: Gateway partially updated gateway_id=ac1f09fffe0fb6c2
chirpstack-1                              | 2025-03-21T10:24:53.555322Z  INFO stats{gateway_id=ac1f09fffe0fb6c2}: chirpstack::storage::metrics: Metrics saved name=gw:ac1f09fffe0fb6c2 aggregation=HOUR
chirpstack-1                              | 2025-03-21T10:24:53.555364Z  INFO stats{gateway_id=ac1f09fffe0fb6c2}: chirpstack::storage::metrics: Metrics saved name=gw:ac1f09fffe0fb6c2 aggregation=DAY
chirpstack-1                              | 2025-03-21T10:24:53.555379Z  INFO stats{gateway_id=ac1f09fffe0fb6c2}: chirpstack::storage::metrics: Metrics saved name=gw:ac1f09fffe0fb6c2 aggregation=MONTH
chirpstack-1                              | 2025-03-21T10:24:57.170505Z  INFO chirpstack::gateway::backend::mqtt: Message received from gateway region_id="eu868" topic=eu868/gateway/ac1f09fffe0fb6c2/event/up qos=AtMostOnce json=false
chirpstack-gateway-bridge-1               | time="2025-03-21T10:24:57.170087761Z" level=info msg="integration/mqtt: publishing event" event=up qos=0 topic=eu868/gateway/ac1f09fffe0fb6c2/event/up uplink_id=42728
chirpstack-1                              | 2025-03-21T10:24:57.372232Z  INFO up{deduplication_id=08a92059-3b76-4775-a3c0-8efdcb02491b}: chirpstack::uplink: Uplink received m_type=UnconfirmedDataUp
chirpstack-1                              | 2025-03-21T10:24:57.380341Z  INFO up{deduplication_id=08a92059-3b76-4775-a3c0-8efdcb02491b}:data_up{dev_eui="27fa133c32b32fd7"}: chirpstack::storage::device_gateway: Gateway rx-info saved dev_eui=27fa133c32b32fd7
chirpstack-1                              | 2025-03-21T10:24:57.387692Z  INFO chirpstack::integration::http: Posting event event=up url=https://webhook.site/9a749c97-d5ad-4de9-87e5-6622d0661bb2
chirpstack-1                              | 2025-03-21T10:24:57.388006Z  INFO chirpstack::integration::mqtt: Publishing event topic=application/f5695329-d3a0-468b-b2f3-64399dd3d3fa/device/27fa133c32b32fd7/event/up
chirpstack-1                              | 2025-03-21T10:24:57.390550Z  INFO up{deduplication_id=08a92059-3b76-4775-a3c0-8efdcb02491b}:data_up{dev_eui="27fa133c32b32fd7"}: chirpstack::storage::device: Device partially updated dev_eui=27fa133c32b32fd7
chirpstack-1                              | 2025-03-21T10:24:57.390730Z  INFO up{deduplication_id=08a92059-3b76-4775-a3c0-8efdcb02491b}:data_up{dev_eui="27fa133c32b32fd7"}: chirpstack::storage::metrics: Metrics saved name=device:27fa133c32b32fd7 aggregation=HOUR
chirpstack-1                              | 2025-03-21T10:24:57.390749Z  INFO up{deduplication_id=08a92059-3b76-4775-a3c0-8efdcb02491b}:data_up{dev_eui="27fa133c32b32fd7"}: chirpstack::storage::metrics: Metrics saved name=device:27fa133c32b32fd7 aggregation=DAY
chirpstack-1                              | 2025-03-21T10:24:57.390763Z  INFO up{deduplication_id=08a92059-3b76-4775-a3c0-8efdcb02491b}:data_up{dev_eui="27fa133c32b32fd7"}: chirpstack::storage::metrics: Metrics saved name=device:27fa133c32b32fd7 aggregation=MONTH
chirpstack-1                              | 2025-03-21T10:24:57.471175Z  WARN chirpstack::integration::http: Posting event failed event=up url=https://webhook.site/9a749c97-d5ad-4de9-87e5-6622d0661bb2 error=HTTP status client error (429 Too Many Requests) for url (https://webhook.site/9a749c97-d5ad-4de9-87e5-6622d0661bb2?event=up)
chirpstack-1                              | 2025-03-21T10:25:01.494979Z  INFO up{deduplication_id=08a92059-3b76-4775-a3c0-8efdcb02491b}:data_up{dev_eui="27fa133c32b32fd7"}:data_down{downlink_id=795409392}: chirpstack::storage::mac_command: Pending mac-command block set dev_eui=27fa133c32b32fd7 cid=NewChannelReq
chirpstack-1                              | 2025-03-21T10:25:01.495556Z  INFO up{deduplication_id=08a92059-3b76-4775-a3c0-8efdcb02491b}:data_up{dev_eui="27fa133c32b32fd7"}:data_down{downlink_id=795409392}: chirpstack::storage::mac_command: Pending mac-command block set dev_eui=27fa133c32b32fd7 cid=LinkADRReq
chirpstack-gateway-bridge-1               | time="2025-03-21T10:25:01.501440793Z" level=info msg="integration/mqtt: downlink frame received" downlink_id=795409392 gateway_id=ac1f09fffe0fb6c2
chirpstack-1                              | 2025-03-21T10:25:01.496031Z  INFO up{deduplication_id=08a92059-3b76-4775-a3c0-8efdcb02491b}:data_up{dev_eui="27fa133c32b32fd7"}:data_down{downlink_id=795409392}: chirpstack::storage::mac_command: Pending mac-command block set dev_eui=27fa133c32b32fd7 cid=RxParamSetupReq
chirpstack-gateway-bridge-1               | time="2025-03-21T10:25:01.506263366Z" level=info msg="integration/mqtt: publishing event" event=ack qos=0 topic=eu868/gateway/ac1f09fffe0fb6c2/event/ack
chirpstack-1                              | 2025-03-21T10:25:01.496814Z  INFO up{deduplication_id=08a92059-3b76-4775-a3c0-8efdcb02491b}:data_up{dev_eui="27fa133c32b32fd7"}:data_down{downlink_id=795409392}: chirpstack::storage::mac_command: Pending mac-command block set dev_eui=27fa133c32b32fd7 cid=RxTimingSetupReq
chirpstack-1                              | 2025-03-21T10:25:01.497571Z  INFO up{deduplication_id=08a92059-3b76-4775-a3c0-8efdcb02491b}:data_up{dev_eui="27fa133c32b32fd7"}:data_down{downlink_id=795409392}: chirpstack::storage::downlink_frame: Downlink-frame saved downlink_id=795409392
chirpstack-1                              | 2025-03-21T10:25:01.500864Z  INFO up{deduplication_id=08a92059-3b76-4775-a3c0-8efdcb02491b}:data_up{dev_eui="27fa133c32b32fd7"}:data_down{downlink_id=795409392}: chirpstack::storage::device: Device partially updated dev_eui=27fa133c32b32fd7
chirpstack-1                              | 2025-03-21T10:25:01.500959Z  INFO up{deduplication_id=08a92059-3b76-4775-a3c0-8efdcb02491b}:data_up{dev_eui="27fa133c32b32fd7"}:data_down{downlink_id=795409392}: chirpstack::gateway::backend::mqtt: Sending downlink frame region_id=eu868 gateway_id=ac1f09fffe0fb6c2 topic=eu868/gateway/ac1f09fffe0fb6c2/command/down json=false
chirpstack-1                              | 2025-03-21T10:25:01.506682Z  INFO chirpstack::gateway::backend::mqtt: Message received from gateway region_id="eu868" topic=eu868/gateway/ac1f09fffe0fb6c2/event/ack qos=AtMostOnce json=false
chirpstack-1                              | 2025-03-21T10:25:01.511202Z  INFO tx_ack{downlink_id=795409392}: chirpstack::storage::device: Device partially updated dev_eui=27fa133c32b32fd7
chirpstack-1                              | 2025-03-21T10:25:01.511258Z  INFO tx_ack{downlink_id=795409392}: chirpstack::downlink::tx_ack: Log downlink-frame for gateway gateway_id=ac1f09fffe0fb6c2
chirpstack-1                              | 2025-03-21T10:25:01.512235Z  INFO tx_ack{downlink_id=795409392}: chirpstack::downlink::tx_ack: Log downlink-frame for device device_eui=27fa133c32b32fd7
redis-1                                   | 1:M 21 Mar 2025 10:25:13.017 * 100 changes in 60 seconds. Saving...
redis-1                                   | 1:M 21 Mar 2025 10:25:13.018 * Background saving started by pid 913
redis-1                                   | 913:C 21 Mar 2025 10:25:13.026 * DB saved on disk
redis-1                                   | 913:C 21 Mar 2025 10:25:13.026 * Fork CoW for RDB: current 0 MB, peak 0 MB, average 0 MB
redis-1                                   | 1:M 21 Mar 2025 10:25:13.120 * Background saving terminated with success
chirpstack-gateway-bridge-1               | time="2025-03-21T10:25:23.591998569Z" level=info msg="integration/mqtt: publishing event" event=stats qos=0 topic=eu868/gateway/ac1f09fffe0fb6c2/event/stats
chirpstack-1                              | 2025-03-21T10:25:23.592338Z  INFO chirpstack::gateway::backend::mqtt: Message received from gateway region_id="eu868" topic=eu868/gateway/ac1f09fffe0fb6c2/event/stats
 qos=AtMostOnce json=false
chirpstack-1                              | 2025-03-21T10:25:23.595054Z  INFO stats{gateway_id=ac1f09fffe0fb6c2}: chirpstack::storage::gateway: Gateway partially updated gateway_id=ac1f09fffe0fb6c2
chirpstack-1                              | 2025-03-21T10:25:23.595206Z  INFO stats{gateway_id=ac1f09fffe0fb6c2}: chirpstack::storage::metrics: Metrics saved name=gw:ac1f09fffe0fb6c2 aggregation=HOUR
chirpstack-1                              | 2025-03-21T10:25:23.595224Z  INFO stats{gateway_id=ac1f09fffe0fb6c2}: chirpstack::storage::metrics: Metrics saved name=gw:ac1f09fffe0fb6c2 aggregation=DAY
chirpstack-1                              | 2025-03-21T10:25:23.595262Z  INFO stats{gateway_id=ac1f09fffe0fb6c2}: chirpstack::storage::metrics: Metrics saved name=gw:ac1f09fffe0fb6c2 aggregation=MONTH
chirpstack-gateway-bridge-1               | time="2025-03-21T10:25:27.382242814Z" level=info msg="integration/mqtt: publishing event" event=up qos=0 topic=eu868/gateway/ac1f09fffe0fb6c2/event/up uplink_id=44722
chirpstack-1                              | 2025-03-21T10:25:27.382755Z  INFO chirpstack::gateway::backend::mqtt: Message received from gateway region_id="eu868" topic=eu868/gateway/ac1f09fffe0fb6c2/event/up qos=AtMostOnce json=false
chirpstack-1                              | 2025-03-21T10:25:27.585184Z  INFO up{deduplication_id=661ba815-5de1-4158-bbe6-0a6c9242c790}: chirpstack::uplink: Uplink received m_type=UnconfirmedDataUp
chirpstack-1                              | 2025-03-21T10:25:27.592135Z  INFO up{deduplication_id=661ba815-5de1-4158-bbe6-0a6c9242c790}:data_up{dev_eui="27fa133c32b32fd7"}: chirpstack::storage::device_gateway: Gateway rx-info saved dev_eui=27fa133c32b32fd7
chirpstack-1                              | 2025-03-21T10:25:27.598841Z  INFO chirpstack::integration::http: Posting event event=up url=https://webhook.site/9a749c97-d5ad-4de9-87e5-6622d0661bb2
chirpstack-1                              | 2025-03-21T10:25:27.599554Z  INFO chirpstack::integration::mqtt: Publishing event topic=application/f5695329-d3a0-468b-b2f3-64399dd3d3fa/device/27fa133c32b32fd7/event/up
chirpstack-1                              | 2025-03-21T10:25:27.601921Z  INFO up{deduplication_id=661ba815-5de1-4158-bbe6-0a6c9242c790}:data_up{dev_eui="27fa133c32b32fd7"}: chirpstack::storage::device: Device partially updated dev_eui=27fa133c32b32fd7
chirpstack-1                              | 2025-03-21T10:25:27.602036Z  INFO up{deduplication_id=661ba815-5de1-4158-bbe6-0a6c9242c790}:data_up{dev_eui="27fa133c32b32fd7"}: chirpstack::storage::metrics: Metrics saved name=device:27fa133c32b32fd7 aggregation=HOUR
chirpstack-1                              | 2025-03-21T10:25:27.602052Z  INFO up{deduplication_id=661ba815-5de1-4158-bbe6-0a6c9242c790}:data_up{dev_eui="27fa133c32b32fd7"}: chirpstack::storage::metrics: Metrics saved name=device:27fa133c32b32fd7 aggregation=DAY
chirpstack-1                              | 2025-03-21T10:25:27.602067Z  INFO up{deduplication_id=661ba815-5de1-4158-bbe6-0a6c9242c790}:data_up{dev_eui="27fa133c32b32fd7"}: chirpstack::storage::metrics: Metrics saved name=device:27fa133c32b32fd7 aggregation=MONTH
chirpstack-1                              | 2025-03-21T10:25:27.686283Z  WARN chirpstack::integration::http: Posting event failed event=up url=https://webhook.site/9a749c97-d5ad-4de9-87e5-6622d0661bb2 error=HTTP status client error (429 Too Many Requests) for url (https://webhook.site/9a749c97-d5ad-4de9-87e5-6622d0661bb2?event=up)
chirpstack-1                              | 2025-03-21T10:25:31.706891Z  INFO up{deduplication_id=661ba815-5de1-4158-bbe6-0a6c9242c790}:data_up{dev_eui="27fa133c32b32fd7"}:data_down{downlink_id=1648177656}: chirpstack::storage::mac_command: Pending mac-command block set dev_eui=27fa133c32b32fd7 cid=NewChannelReq
chirpstack-1                              | 2025-03-21T10:25:31.707560Z  INFO up{deduplication_id=661ba815-5de1-4158-bbe6-0a6c9242c790}:data_up{dev_eui="27fa133c32b32fd7"}:data_down{downlink_id=1648177656}: chirpstack::storage::mac_command: Pending mac-command block set dev_eui=27fa133c32b32fd7 cid=LinkADRReq
chirpstack-gateway-bridge-1               | time="2025-03-21T10:25:31.713656684Z" level=info msg="integration/mqtt: downlink frame received" downlink_id=1648177656 gateway_id=ac1f09fffe0fb6c2
chirpstack-1                              | 2025-03-21T10:25:31.708094Z  INFO up{deduplication_id=661ba815-5de1-4158-bbe6-0a6c9242c790}:data_up{dev_eui="27fa133c32b32fd7"}:data_down{downlink_id=1648177656}: chirpstack::storage::mac_command: Pending mac-command block set dev_eui=27fa133c32b32fd7 cid=RxParamSetupReq
chirpstack-gateway-bridge-1               | time="2025-03-21T10:25:31.718944672Z" level=info msg="integration/mqtt: publishing event" event=ack qos=0 topic=eu868/gateway/ac1f09fffe0fb6c2/event/ack
chirpstack-1                              | 2025-03-21T10:25:31.708508Z  INFO up{deduplication_id=661ba815-5de1-4158-bbe6-0a6c9242c790}:data_up{dev_eui="27fa133c32b32fd7"}:data_down{downlink_id=1648177656}: chirpstack::storage::mac_command: Pending mac-command block set dev_eui=27fa133c32b32fd7 cid=RxTimingSetupReq
chirpstack-1                              | 2025-03-21T10:25:31.710299Z  INFO up{deduplication_id=661ba815-5de1-4158-bbe6-0a6c9242c790}:data_up{dev_eui="27fa133c32b32fd7"}:data_down{downlink_id=1648177656}: chirpstack::storage::downlink_frame: Downlink-frame saved downlink_id=1648177656
chirpstack-1                              | 2025-03-21T10:25:31.712955Z  INFO up{deduplication_id=661ba815-5de1-4158-bbe6-0a6c9242c790}:data_up{dev_eui="27fa133c32b32fd7"}:data_down{downlink_id=1648177656}: chirpstack::storage::device: Device partially updated dev_eui=27fa133c32b32fd7
chirpstack-1                              | 2025-03-21T10:25:31.713044Z  INFO up{deduplication_id=661ba815-5de1-4158-bbe6-0a6c9242c790}:data_up{dev_eui="27fa133c32b32fd7"}:data_down{downlink_id=1648177656}: chirpstack::gateway::backend::mqtt: Sending downlink frame region_id=eu868 gateway_id=ac1f09fffe0fb6c2 topic=eu868/gateway/ac1f09fffe0fb6c2/command/down json=false
chirpstack-1                              | 2025-03-21T10:25:31.719314Z  INFO chirpstack::gateway::backend::mqtt: Message received from gateway region_id="eu868" topic=eu868/gateway/ac1f09fffe0fb6c2/event/ack qos=AtMostOnce json=false
chirpstack-1                              | 2025-03-21T10:25:31.722996Z  INFO tx_ack{downlink_id=1648177656}: chirpstack::storage::device: Device partially updated dev_eui=27fa133c32b32fd7
chirpstack-1                              | 2025-03-21T10:25:31.723048Z  INFO tx_ack{downlink_id=1648177656}: chirpstack::downlink::tx_ack: Log downlink-frame for gateway gateway_id=ac1f09fffe0fb6c2
chirpstack-1                              | 2025-03-21T10:25:31.724174Z  INFO tx_ack{downlink_id=1648177656}: chirpstack::downlink::tx_ack: Log downlink-frame for device device_eui=27fa133c32b32fd7
chirpstack-gateway-bridge-1               | time="2025-03-21T10:25:53.613013503Z" level=info msg="integration/mqtt: publishing event" event=stats qos=0 topic=eu868/gateway/ac1f09fffe0fb6c2/event/stats
chirpstack-1                              | 2025-03-21T10:25:53.613657Z  INFO chirpstack::gateway::backend::mqtt: Message received from gateway region_id="eu868" topic=eu868/gateway/ac1f09fffe0fb6c2/event/stats
 qos=AtMostOnce json=false
chirpstack-1                              | 2025-03-21T10:25:53.617941Z  INFO stats{gateway_id=ac1f09fffe0fb6c2}: chirpstack::storage::gateway: Gateway partially updated gateway_id=ac1f09fffe0fb6c2
chirpstack-1                              | 2025-03-21T10:25:53.618094Z  INFO stats{gateway_id=ac1f09fffe0fb6c2}: chirpstack::storage::metrics: Metrics saved name=gw:ac1f09fffe0fb6c2 aggregation=HOUR
chirpstack-1                              | 2025-03-21T10:25:53.618137Z  INFO stats{gateway_id=ac1f09fffe0fb6c2}: chirpstack::storage::metrics: Metrics saved name=gw:ac1f09fffe0fb6c2 aggregation=DAY
chirpstack-1                              | 2025-03-21T10:25:53.618153Z  INFO stats{gateway_id=ac1f09fffe0fb6c2}: chirpstack::storage::metrics: Metrics saved name=gw:ac1f09fffe0fb6c2 aggregation=MONTH
chirpstack-gateway-bridge-1               | time="2025-03-21T10:25:57.586853917Z" level=info msg="integration/mqtt: publishing event" event=up qos=0 topic=eu868/gateway/ac1f09fffe0fb6c2/event/up uplink_id=51693
chirpstack-1                              | 2025-03-21T10:25:57.587321Z  INFO chirpstack::gateway::backend::mqtt: Message received from gateway region_id="eu868" topic=eu868/gateway/ac1f09fffe0fb6c2/event/up qos=AtMostOnce json=false
chirpstack-1                              | 2025-03-21T10:25:57.790344Z  INFO up{deduplication_id=8382ad50-ca79-484f-adee-2314bbd867b1}: chirpstack::uplink: Uplink received m_type=UnconfirmedDataUp
chirpstack-1                              | 2025-03-21T10:25:57.799171Z  INFO up{deduplication_id=8382ad50-ca79-484f-adee-2314bbd867b1}:data_up{dev_eui="27fa133c32b32fd7"}: chirpstack::storage::device_gateway: Gateway rx-info saved dev_eui=27fa133c32b32fd7
chirpstack-1                              | 2025-03-21T10:25:57.805854Z  INFO chirpstack::integration::http: Posting event event=up url=https://webhook.site/9a749c97-d5ad-4de9-87e5-6622d0661bb2
chirpstack-1                              | 2025-03-21T10:25:57.806411Z  INFO chirpstack::integration::mqtt: Publishing event topic=application/f5695329-d3a0-468b-b2f3-64399dd3d3fa/device/27fa133c32b32fd7/event/up
chirpstack-1                              | 2025-03-21T10:25:57.808376Z  INFO up{deduplication_id=8382ad50-ca79-484f-adee-2314bbd867b1}:data_up{dev_eui="27fa133c32b32fd7"}: chirpstack::storage::device: Device partially updated dev_eui=27fa133c32b32fd7
chirpstack-1                              | 2025-03-21T10:25:57.808554Z  INFO up{deduplication_id=8382ad50-ca79-484f-adee-2314bbd867b1}:data_up{dev_eui="27fa133c32b32fd7"}: chirpstack::storage::metrics: Metrics saved name=device:27fa133c32b32fd7 aggregation=HOUR
chirpstack-1                              | 2025-03-21T10:25:57.808573Z  INFO up{deduplication_id=8382ad50-ca79-484f-adee-2314bbd867b1}:data_up{dev_eui="27fa133c32b32fd7"}: chirpstack::storage::metrics: Metrics saved name=device:27fa133c32b32fd7 aggregation=DAY
chirpstack-1                              | 2025-03-21T10:25:57.808587Z  INFO up{deduplication_id=8382ad50-ca79-484f-adee-2314bbd867b1}:data_up{dev_eui="27fa133c32b32fd7"}: chirpstack::storage::metrics: Metrics saved name=device:27fa133c32b32fd7 aggregation=MONTH
chirpstack-1                              | 2025-03-21T10:25:57.887995Z  WARN chirpstack::integration::http: Posting event failed event=up url=https://webhook.site/9a749c97-d5ad-4de9-87e5-6622d0661bb2 error=HTTP status client error (429 Too Many Requests) for url (https://webhook.site/9a749c97-d5ad-4de9-87e5-6622d0661bb2?event=up)
chirpstack-1                              | 2025-03-21T10:26:01.912027Z  INFO up{deduplication_id=8382ad50-ca79-484f-adee-2314bbd867b1}:data_up{dev_eui="27fa133c32b32fd7"}:data_down{downlink_id=3049522750}: chirpstack::storage::mac_command: Pending mac-command block set dev_eui=27fa133c32b32fd7 cid=NewChannelReq
chirpstack-1                              | 2025-03-21T10:26:01.912425Z  INFO up{deduplication_id=8382ad50-ca79-484f-adee-2314bbd867b1}:data_up{dev_eui="27fa133c32b32fd7"}:data_down{downlink_id=3049522750}: chirpstack::storage::mac_command: Pending mac-command block set dev_eui=27fa133c32b32fd7 cid=LinkADRReq
chirpstack-gateway-bridge-1               | time="2025-03-21T10:26:01.918813972Z" level=info msg="integration/mqtt: downlink frame received" downlink_id=3049522750 gateway_id=ac1f09fffe0fb6c2
chirpstack-1                              | 2025-03-21T10:26:01.912925Z  INFO up{deduplication_id=8382ad50-ca79-484f-adee-2314bbd867b1}:data_up{dev_eui="27fa133c32b32fd7"}:data_down{downlink_id=3049522750}: chirpstack::storage::mac_command: Pending mac-command block set dev_eui=27fa133c32b32fd7 cid=RxParamSetupReq
chirpstack-gateway-bridge-1               | time="2025-03-21T10:26:01.924332912Z" level=info msg="integration/mqtt: publishing event" event=ack qos=0 topic=eu868/gateway/ac1f09fffe0fb6c2/event/ack
chirpstack-1                              | 2025-03-21T10:26:01.913622Z  INFO up{deduplication_id=8382ad50-ca79-484f-adee-2314bbd867b1}:data_up{dev_eui="27fa133c32b32fd7"}:data_down{downlink_id=3049522750}: chirpstack::storage::mac_command: Pending mac-command block set dev_eui=27fa133c32b32fd7 cid=RxTimingSetupReq
chirpstack-1                              | 2025-03-21T10:26:01.914331Z  INFO up{deduplication_id=8382ad50-ca79-484f-adee-2314bbd867b1}:data_up{dev_eui="27fa133c32b32fd7"}:data_down{downlink_id=3049522750}: chirpstack::storage::downlink_frame: Downlink-frame saved downlink_id=3049522750
chirpstack-1                              | 2025-03-21T10:26:01.918123Z  INFO up{deduplication_id=8382ad50-ca79-484f-adee-2314bbd867b1}:data_up{dev_eui="27fa133c32b32fd7"}:data_down{downlink_id=3049522750}: chirpstack::storage::device: Device partially updated dev_eui=27fa133c32b32fd7
chirpstack-1                              | 2025-03-21T10:26:01.918223Z  INFO up{deduplication_id=8382ad50-ca79-484f-adee-2314bbd867b1}:data_up{dev_eui="27fa133c32b32fd7"}:data_down{downlink_id=3049522750}: chirpstack::gateway::backend::mqtt: Sending downlink frame region_id=eu868 gateway_id=ac1f09fffe0fb6c2 topic=eu868/gateway/ac1f09fffe0fb6c2/command/down json=false
chirpstack-1                              | 2025-03-21T10:26:01.924744Z  INFO chirpstack::gateway::backend::mqtt: Message received from gateway region_id="eu868" topic=eu868/gateway/ac1f09fffe0fb6c2/event/ack qos=AtMostOnce json=false
chirpstack-1                              | 2025-03-21T10:26:01.928676Z  INFO tx_ack{downlink_id=3049522750}: chirpstack::storage::device: Device partially updated dev_eui=27fa133c32b32fd7
chirpstack-1                              | 2025-03-21T10:26:01.928731Z  INFO tx_ack{downlink_id=3049522750}: chirpstack::downlink::tx_ack: Log downlink-frame for gateway gateway_id=ac1f09fffe0fb6c2
chirpstack-1                              | 2025-03-21T10:26:01.929675Z  INFO tx_ack{downlink_id=3049522750}: chirpstack::downlink::tx_ack: Log downlink-frame for device device_eui=27fa133c32b32fd7
redis-1                                   | 1:M 21 Mar 2025 10:26:14.047 * 100 changes in 60 seconds. Saving...
redis-1                                   | 1:M 21 Mar 2025 10:26:14.048 * Background saving started by pid 914
redis-1                                   | 914:C 21 Mar 2025 10:26:14.054 * DB saved on disk
redis-1                                   | 914:C 21 Mar 2025 10:26:14.054 * Fork CoW for RDB: current 0 MB, peak 0 MB, average 0 MB
redis-1                                   | 1:M 21 Mar 2025 10:26:14.149 * Background saving terminated with success
chirpstack-1                              | 2025-03-21T10:26:23.638855Z  INFO chirpstack::gateway::backend::mqtt: Message received from gateway region_id="eu868" topic=eu868/gateway/ac1f09fffe0fb6c2/event/stats
 qos=AtMostOnce json=false
chirpstack-gateway-bridge-1               | time="2025-03-21T10:26:23.638482168Z" level=info msg="integration/mqtt: publishing event" event=stats qos=0 topic=eu868/gateway/ac1f09fffe0fb6c2/event/stats
chirpstack-1                              | 2025-03-21T10:26:23.642874Z  INFO stats{gateway_id=ac1f09fffe0fb6c2}: chirpstack::storage::gateway: Gateway partially updated gateway_id=ac1f09fffe0fb6c2
chirpstack-1                              | 2025-03-21T10:26:23.643021Z  INFO stats{gateway_id=ac1f09fffe0fb6c2}: chirpstack::storage::metrics: Metrics saved name=gw:ac1f09fffe0fb6c2 aggregation=HOUR
chirpstack-1                              | 2025-03-21T10:26:23.643043Z  INFO stats{gateway_id=ac1f09fffe0fb6c2}: chirpstack::storage::metrics: Metrics saved name=gw:ac1f09fffe0fb6c2 aggregation=DAY
chirpstack-1                              | 2025-03-21T10:26:23.643079Z  INFO stats{gateway_id=ac1f09fffe0fb6c2}: chirpstack::storage::metrics: Metrics saved name=gw:ac1f09fffe0fb6c2 aggregation=MONTH
chirpstack-gateway-bridge-1               | time="2025-03-21T10:26:27.79542862Z" level=info msg="integration/mqtt: publishing event" event=up qos=0 topic=eu868/gateway/ac1f09fffe0fb6c2/event/up uplink_id=7730
chirpstack-1                              | 2025-03-21T10:26:27.795875Z  INFO chirpstack::gateway::backend::mqtt: Message received from gateway region_id="eu868" topic=eu868/gateway/ac1f09fffe0fb6c2/event/up qos=AtMostOnce json=false
