chirpstack-1                              | 2025-03-21T10:19:53.256902Z  INFO stats{gateway_id=ac1f09fffe0fb6c2}: chirpstack::storage::metrics: Metrics saved name=gw:ac1f09fffe0fb6c2 aggregation=MONTH
chirpstack-gateway-bridge-1               | time="2025-03-21T10:19:55.092577681Z" level=info msg="integration/mqtt: publishing event" event=up qos=0 topic=eu868/gateway/ac1f09fffe0fb6c2/event/up uplink_id=40890
chirpstack-1                              | 2025-03-21T10:19:55.092935Z  INFO chirpstack::gateway::backend::mqtt: Message received from gateway region_id="eu868" topic=eu868/gateway/ac1f09fffe0fb6c2/event/up qos=AtMostOnce json=false
chirpstack-1                              | 2025-03-21T10:19:55.294601Z  INFO up{deduplication_id=c84addaa-cad9-4b6d-a2d8-983cf935b461}: chirpstack::uplink: Uplink received m_type=UnconfirmedDataUp
chirpstack-1                              | 2025-03-21T10:19:55.302105Z  INFO up{deduplication_id=c84addaa-cad9-4b6d-a2d8-983cf935b461}:data_up{dev_eui="27fa133c32b32fd7"}: chirpstack::storage::device_gateway: Gateway rx-info saved dev_eui=27fa133c32b32fd7
chirpstack-1                              | 2025-03-21T10:19:55.308781Z  INFO chirpstack::integration::http: Posting event event=up url=https://webhook.site/9a749c97-d5ad-4de9-87e5-6622d0661bb2
chirpstack-1                              | 2025-03-21T10:19:55.309079Z  INFO chirpstack::integration::mqtt: Publishing event topic=application/f5695329-d3a0-468b-b2f3-64399dd3d3fa/device/27fa133c32b32fd7/event/up
chirpstack-1                              | 2025-03-21T10:19:55.312180Z  INFO up{deduplication_id=c84addaa-cad9-4b6d-a2d8-983cf935b461}:data_up{dev_eui="27fa133c32b32fd7"}: chirpstack::storage::device: Device partially updated dev_eui=27fa133c32b32fd7
chirpstack-1                              | 2025-03-21T10:19:55.312386Z  INFO up{deduplication_id=c84addaa-cad9-4b6d-a2d8-983cf935b461}:data_up{dev_eui="27fa133c32b32fd7"}: chirpstack::storage::metrics: Metrics saved name=device:27fa133c32b32fd7 aggregation=HOUR
chirpstack-1                              | 2025-03-21T10:19:55.312412Z  INFO up{deduplication_id=c84addaa-cad9-4b6d-a2d8-983cf935b461}:data_up{dev_eui="27fa133c32b32fd7"}: chirpstack::storage::metrics: Metrics saved name=device:27fa133c32b32fd7 aggregation=DAY
chirpstack-1                              | 2025-03-21T10:19:55.312427Z  INFO up{deduplication_id=c84addaa-cad9-4b6d-a2d8-983cf935b461}:data_up{dev_eui="27fa133c32b32fd7"}: chirpstack::storage::metrics: Metrics saved name=device:27fa133c32b32fd7 aggregation=MONTH
chirpstack-1                              | 2025-03-21T10:19:55.379015Z  WARN chirpstack::integration::http: Posting event failed event=up url=https://webhook.site/9a749c97-d5ad-4de9-87e5-6622d0661bb2 error=HTTP status client error (429 Too Many Requests) for url (https://webhook.site/9a749c97-d5ad-4de9-87e5-6622d0661bb2?event=up)
chirpstack-1                              | 2025-03-21T10:19:59.411873Z  INFO up{deduplication_id=c84addaa-cad9-4b6d-a2d8-983cf935b461}:data_up{dev_eui="27fa133c32b32fd7"}:data_down{downlink_id=2645729843}: chirpstack::storage::mac_command: Pending mac-command block set dev_eui=27fa133c32b32fd7 cid=NewChannelReq
chirpstack-1                              | 2025-03-21T10:19:59.412755Z  INFO up{deduplication_id=c84addaa-cad9-4b6d-a2d8-983cf935b461}:data_up{dev_eui="27fa133c32b32fd7"}:data_down{downlink_id=2645729843}: chirpstack::storage::mac_command: Pending mac-command block set dev_eui=27fa133c32b32fd7 cid=LinkADRReq
chirpstack-gateway-bridge-1               | time="2025-03-21T10:19:59.418507156Z" level=info msg="integration/mqtt: downlink frame received" downlink_id=2645729843 gateway_id=ac1f09fffe0fb6c2
chirpstack-1                              | 2025-03-21T10:19:59.413513Z  INFO up{deduplication_id=c84addaa-cad9-4b6d-a2d8-983cf935b461}:data_up{dev_eui="27fa133c32b32fd7"}:data_down{downlink_id=2645729843}: chirpstack::storage::mac_command: Pending mac-command block set dev_eui=27fa133c32b32fd7 cid=RxParamSetupReq
chirpstack-gateway-bridge-1               | time="2025-03-21T10:19:59.430798661Z" level=info msg="integration/mqtt: publishing event" event=ack qos=0 topic=eu868/gateway/ac1f09fffe0fb6c2/event/ack
chirpstack-1                              | 2025-03-21T10:19:59.414065Z  INFO up{deduplication_id=c84addaa-cad9-4b6d-a2d8-983cf935b461}:data_up{dev_eui="27fa133c32b32fd7"}:data_down{downlink_id=2645729843}: chirpstack::storage::mac_command: Pending mac-command block set dev_eui=27fa133c32b32fd7 cid=RxTimingSetupReq
chirpstack-1                              | 2025-03-21T10:19:59.414761Z  INFO up{deduplication_id=c84addaa-cad9-4b6d-a2d8-983cf935b461}:data_up{dev_eui="27fa133c32b32fd7"}:data_down{downlink_id=2645729843}: chirpstack::storage::downlink_frame: Downlink-frame saved downlink_id=2645729843
chirpstack-1                              | 2025-03-21T10:19:59.417777Z  INFO up{deduplication_id=c84addaa-cad9-4b6d-a2d8-983cf935b461}:data_up{dev_eui="27fa133c32b32fd7"}:data_down{downlink_id=2645729843}: chirpstack::storage::device: Device partially updated dev_eui=27fa133c32b32fd7
chirpstack-1                              | 2025-03-21T10:19:59.417864Z  INFO up{deduplication_id=c84addaa-cad9-4b6d-a2d8-983cf935b461}:data_up{dev_eui="27fa133c32b32fd7"}:data_down{downlink_id=2645729843}: chirpstack::gateway::backend::mqtt: Sending downlink frame region_id=eu868 gateway_id=ac1f09fffe0fb6c2 topic=eu868/gateway/ac1f09fffe0fb6c2/command/down json=false
chirpstack-1                              | 2025-03-21T10:19:59.431147Z  INFO chirpstack::gateway::backend::mqtt: Message received from gateway region_id="eu868" topic=eu868/gateway/ac1f09fffe0fb6c2/event/ack qos=AtMostOnce json=false
chirpstack-1                              | 2025-03-21T10:19:59.435146Z  INFO tx_ack{downlink_id=2645729843}: chirpstack::storage::device: Device partially updated dev_eui=27fa133c32b32fd7
chirpstack-1                              | 2025-03-21T10:19:59.435184Z  INFO tx_ack{downlink_id=2645729843}: chirpstack::downlink::tx_ack: Log downlink-frame for gateway gateway_id=ac1f09fffe0fb6c2
chirpstack-1                              | 2025-03-21T10:19:59.436160Z  INFO tx_ack{downlink_id=2645729843}: chirpstack::downlink::tx_ack: Log downlink-frame for device device_eui=27fa133c32b32fd7
redis-1                                   | 1:M 21 Mar 2025 10:20:08.015 * 100 changes in 60 seconds. Saving...
redis-1                                   | 1:M 21 Mar 2025 10:20:08.017 * Background saving started by pid 908
redis-1                                   | 908:C 21 Mar 2025 10:20:08.023 * DB saved on disk
redis-1                                   | 908:C 21 Mar 2025 10:20:08.024 * Fork CoW for RDB: current 0 MB, peak 0 MB, average 0 MB
redis-1                                   | 1:M 21 Mar 2025 10:20:08.118 * Background saving terminated with success
chirpstack-1                              | 2025-03-21T10:20:23.265277Z  INFO chirpstack::gateway::backend::mqtt: Message received from gateway region_id="eu868" topic=eu868/gateway/ac1f09fffe0fb6c2/event/stats
 qos=AtMostOnce json=false
chirpstack-gateway-bridge-1               | time="2025-03-21T10:20:23.264792373Z" level=info msg="integration/mqtt: publishing event" event=stats qos=0 topic=eu868/gateway/ac1f09fffe0fb6c2/event/stats
chirpstack-1                              | 2025-03-21T10:20:23.269742Z  INFO stats{gateway_id=ac1f09fffe0fb6c2}: chirpstack::storage::gateway: Gateway partially updated gateway_id=ac1f09fffe0fb6c2
chirpstack-1                              | 2025-03-21T10:20:23.269889Z  INFO stats{gateway_id=ac1f09fffe0fb6c2}: chirpstack::storage::metrics: Metrics saved name=gw:ac1f09fffe0fb6c2 aggregation=HOUR
chirpstack-1                              | 2025-03-21T10:20:23.269910Z  INFO stats{gateway_id=ac1f09fffe0fb6c2}: chirpstack::storage::metrics: Metrics saved name=gw:ac1f09fffe0fb6c2 aggregation=DAY
chirpstack-1                              | 2025-03-21T10:20:23.269945Z  INFO stats{gateway_id=ac1f09fffe0fb6c2}: chirpstack::storage::metrics: Metrics saved name=gw:ac1f09fffe0fb6c2 aggregation=MONTH
chirpstack-1                              | 2025-03-21T10:20:25.302160Z  INFO chirpstack::gateway::backend::mqtt: Message received from gateway region_id="eu868" topic=eu868/gateway/ac1f09fffe0fb6c2/event/up qos=AtMostOnce json=false
chirpstack-gateway-bridge-1               | time="2025-03-21T10:20:25.301809061Z" level=info msg="integration/mqtt: publishing event" event=up qos=0 topic=eu868/gateway/ac1f09fffe0fb6c2/event/up uplink_id=52702
chirpstack-1                              | 2025-03-21T10:20:25.513057Z  INFO up{deduplication_id=ca814cd8-4c7d-469c-b95d-e1e965c0b2eb}: chirpstack::uplink: Uplink received m_type=UnconfirmedDataUp
chirpstack-1                              | 2025-03-21T10:20:25.520989Z  INFO up{deduplication_id=ca814cd8-4c7d-469c-b95d-e1e965c0b2eb}:data_up{dev_eui="27fa133c32b32fd7"}: chirpstack::storage::device_gateway: Gateway rx-info saved dev_eui=27fa133c32b32fd7
chirpstack-1                              | 2025-03-21T10:20:25.528699Z  INFO chirpstack::integration::http: Posting event event=up url=https://webhook.site/9a749c97-d5ad-4de9-87e5-6622d0661bb2
chirpstack-1                              | 2025-03-21T10:20:25.529217Z  INFO chirpstack::integration::mqtt: Publishing event topic=application/f5695329-d3a0-468b-b2f3-64399dd3d3fa/device/27fa133c32b32fd7/event/up
chirpstack-1                              | 2025-03-21T10:20:25.531367Z  INFO up{deduplication_id=ca814cd8-4c7d-469c-b95d-e1e965c0b2eb}:data_up{dev_eui="27fa133c32b32fd7"}: chirpstack::storage::device: Device partially updated dev_eui=27fa133c32b32fd7
chirpstack-1                              | 2025-03-21T10:20:25.531510Z  INFO up{deduplication_id=ca814cd8-4c7d-469c-b95d-e1e965c0b2eb}:data_up{dev_eui="27fa133c32b32fd7"}: chirpstack::storage::metrics: Metrics saved name=device:27fa133c32b32fd7 aggregation=HOUR
chirpstack-1                              | 2025-03-21T10:20:25.531527Z  INFO up{deduplication_id=ca814cd8-4c7d-469c-b95d-e1e965c0b2eb}:data_up{dev_eui="27fa133c32b32fd7"}: chirpstack::storage::metrics: Metrics saved name=device:27fa133c32b32fd7 aggregation=DAY
chirpstack-1                              | 2025-03-21T10:20:25.531550Z  INFO up{deduplication_id=ca814cd8-4c7d-469c-b95d-e1e965c0b2eb}:data_up{dev_eui="27fa133c32b32fd7"}: chirpstack::storage::metrics: Metrics saved name=device:27fa133c32b32fd7 aggregation=MONTH
chirpstack-1                              | 2025-03-21T10:20:25.609334Z  WARN chirpstack::integration::http: Posting event failed event=up url=https://webhook.site/9a749c97-d5ad-4de9-87e5-6622d0661bb2 error=HTTP status client error (429 Too Many Requests) for url (https://webhook.site/9a749c97-d5ad-4de9-87e5-6622d0661bb2?event=up)
chirpstack-1                              | 2025-03-21T10:20:29.636005Z  INFO up{deduplication_id=ca814cd8-4c7d-469c-b95d-e1e965c0b2eb}:data_up{dev_eui="27fa133c32b32fd7"}:data_down{downlink_id=2848138311}: chirpstack::storage::mac_command: Pending mac-command block set dev_eui=27fa133c32b32fd7 cid=NewChannelReq
chirpstack-1                              | 2025-03-21T10:20:29.636423Z  INFO up{deduplication_id=ca814cd8-4c7d-469c-b95d-e1e965c0b2eb}:data_up{dev_eui="27fa133c32b32fd7"}:data_down{downlink_id=2848138311}: chirpstack::storage::mac_command: Pending mac-command block set dev_eui=27fa133c32b32fd7 cid=LinkADRReq
chirpstack-gateway-bridge-1               | time="2025-03-21T10:20:29.642757987Z" level=info msg="integration/mqtt: downlink frame received" downlink_id=2848138311 gateway_id=ac1f09fffe0fb6c2
chirpstack-1                              | 2025-03-21T10:20:29.636773Z  INFO up{deduplication_id=ca814cd8-4c7d-469c-b95d-e1e965c0b2eb}:data_up{dev_eui="27fa133c32b32fd7"}:data_down{downlink_id=2848138311}: chirpstack::storage::mac_command: Pending mac-command block set dev_eui=27fa133c32b32fd7 cid=RxParamSetupReq
chirpstack-gateway-bridge-1               | time="2025-03-21T10:20:29.650093032Z" level=info msg="integration/mqtt: publishing event" event=ack qos=0 topic=eu868/gateway/ac1f09fffe0fb6c2/event/ack
chirpstack-1                              | 2025-03-21T10:20:29.637527Z  INFO up{deduplication_id=ca814cd8-4c7d-469c-b95d-e1e965c0b2eb}:data_up{dev_eui="27fa133c32b32fd7"}:data_down{downlink_id=2848138311}: chirpstack::storage::mac_command: Pending mac-command block set dev_eui=27fa133c32b32fd7 cid=RxTimingSetupReq
chirpstack-1                              | 2025-03-21T10:20:29.638327Z  INFO up{deduplication_id=ca814cd8-4c7d-469c-b95d-e1e965c0b2eb}:data_up{dev_eui="27fa133c32b32fd7"}:data_down{downlink_id=2848138311}: chirpstack::storage::downlink_frame: Downlink-frame saved downlink_id=2848138311
chirpstack-1                              | 2025-03-21T10:20:29.642142Z  INFO up{deduplication_id=ca814cd8-4c7d-469c-b95d-e1e965c0b2eb}:data_up{dev_eui="27fa133c32b32fd7"}:data_down{downlink_id=2848138311}: chirpstack::storage::device: Device partially updated dev_eui=27fa133c32b32fd7
chirpstack-1                              | 2025-03-21T10:20:29.642228Z  INFO up{deduplication_id=ca814cd8-4c7d-469c-b95d-e1e965c0b2eb}:data_up{dev_eui="27fa133c32b32fd7"}:data_down{downlink_id=2848138311}: chirpstack::gateway::backend::mqtt: Sending downlink frame region_id=eu868 gateway_id=ac1f09fffe0fb6c2 topic=eu868/gateway/ac1f09fffe0fb6c2/command/down json=false
chirpstack-1                              | 2025-03-21T10:20:29.650658Z  INFO chirpstack::gateway::backend::mqtt: Message received from gateway region_id="eu868" topic=eu868/gateway/ac1f09fffe0fb6c2/event/ack qos=AtMostOnce json=false
chirpstack-1                              | 2025-03-21T10:20:29.655709Z  INFO tx_ack{downlink_id=2848138311}: chirpstack::storage::device: Device partially updated dev_eui=27fa133c32b32fd7
chirpstack-1                              | 2025-03-21T10:20:29.655773Z  INFO tx_ack{downlink_id=2848138311}: chirpstack::downlink::tx_ack: Log downlink-frame for gateway gateway_id=ac1f09fffe0fb6c2
chirpstack-1                              | 2025-03-21T10:20:29.656805Z  INFO tx_ack{downlink_id=2848138311}: chirpstack::downlink::tx_ack: Log downlink-frame for device device_eui=27fa133c32b32fd7
chirpstack-gateway-bridge-1               | time="2025-03-21T10:20:53.339650948Z" level=info msg="integration/mqtt: publishing event" event=stats qos=0 topic=eu868/gateway/ac1f09fffe0fb6c2/event/stats
chirpstack-1                              | 2025-03-21T10:20:53.339998Z  INFO chirpstack::gateway::backend::mqtt: Message received from gateway region_id="eu868" topic=eu868/gateway/ac1f09fffe0fb6c2/event/stats
 qos=AtMostOnce json=false
chirpstack-1                              | 2025-03-21T10:20:53.343161Z  INFO stats{gateway_id=ac1f09fffe0fb6c2}: chirpstack::storage::gateway: Gateway partially updated gateway_id=ac1f09fffe0fb6c2
chirpstack-1                              | 2025-03-21T10:20:53.343394Z  INFO stats{gateway_id=ac1f09fffe0fb6c2}: chirpstack::storage::metrics: Metrics saved name=gw:ac1f09fffe0fb6c2 aggregation=HOUR
chirpstack-1                              | 2025-03-21T10:20:53.343482Z  INFO stats{gateway_id=ac1f09fffe0fb6c2}: chirpstack::storage::metrics: Metrics saved name=gw:ac1f09fffe0fb6c2 aggregation=DAY
chirpstack-1                              | 2025-03-21T10:20:53.343516Z  INFO stats{gateway_id=ac1f09fffe0fb6c2}: chirpstack::storage::metrics: Metrics saved name=gw:ac1f09fffe0fb6c2 aggregation=MONTH
chirpstack-gateway-bridge-1               | time="2025-03-21T10:20:55.562773105Z" level=info msg="integration/mqtt: publishing event" event=up qos=0 topic=eu868/gateway/ac1f09fffe0fb6c2/event/up uplink_id=13792
chirpstack-1                              | 2025-03-21T10:20:55.563202Z  INFO chirpstack::gateway::backend::mqtt: Message received from gateway region_id="eu868" topic=eu868/gateway/ac1f09fffe0fb6c2/event/up qos=AtMostOnce json=false
chirpstack-1                              | 2025-03-21T10:20:55.765549Z  INFO up{deduplication_id=2dd5da5f-c953-4968-8e68-13887018b5ab}: chirpstack::uplink: Uplink received m_type=UnconfirmedDataUp
chirpstack-1                              | 2025-03-21T10:20:55.773096Z  INFO up{deduplication_id=2dd5da5f-c953-4968-8e68-13887018b5ab}:data_up{dev_eui="27fa133c32b32fd7"}: chirpstack::storage::device_gateway: Gateway rx-info saved dev_eui=27fa133c32b32fd7
chirpstack-1                              | 2025-03-21T10:20:55.780430Z  INFO chirpstack::integration::http: Posting event event=up url=https://webhook.site/9a749c97-d5ad-4de9-87e5-6622d0661bb2
chirpstack-1                              | 2025-03-21T10:20:55.780976Z  INFO chirpstack::integration::mqtt: Publishing event topic=application/f5695329-d3a0-468b-b2f3-64399dd3d3fa/device/27fa133c32b32fd7/event/up
chirpstack-1                              | 2025-03-21T10:20:55.782644Z  INFO up{deduplication_id=2dd5da5f-c953-4968-8e68-13887018b5ab}:data_up{dev_eui="27fa133c32b32fd7"}: chirpstack::storage::device: Device partially updated dev_eui=27fa133c32b32fd7
chirpstack-1                              | 2025-03-21T10:20:55.782787Z  INFO up{deduplication_id=2dd5da5f-c953-4968-8e68-13887018b5ab}:data_up{dev_eui="27fa133c32b32fd7"}: chirpstack::storage::metrics: Metrics saved name=device:27fa133c32b32fd7 aggregation=HOUR
chirpstack-1                              | 2025-03-21T10:20:55.782805Z  INFO up{deduplication_id=2dd5da5f-c953-4968-8e68-13887018b5ab}:data_up{dev_eui="27fa133c32b32fd7"}: chirpstack::storage::metrics: Metrics saved name=device:27fa133c32b32fd7 aggregation=DAY
chirpstack-1                              | 2025-03-21T10:20:55.782849Z  INFO up{deduplication_id=2dd5da5f-c953-4968-8e68-13887018b5ab}:data_up{dev_eui="27fa133c32b32fd7"}: chirpstack::storage::metrics: Metrics saved name=device:27fa133c32b32fd7 aggregation=MONTH
chirpstack-1                              | 2025-03-21T10:20:55.857213Z  WARN chirpstack::integration::http: Posting event failed event=up url=https://webhook.site/9a749c97-d5ad-4de9-87e5-6622d0661bb2 error=HTTP status client error (429 Too Many Requests) for url (https://webhook.site/9a749c97-d5ad-4de9-87e5-6622d0661bb2?event=up)
chirpstack-1                              | 2025-03-21T10:20:59.886173Z  INFO up{deduplication_id=2dd5da5f-c953-4968-8e68-13887018b5ab}:data_up{dev_eui="27fa133c32b32fd7"}:data_down{downlink_id=119941800}: chirpstack::storage::mac_command: Pending mac-command block set dev_eui=27fa133c32b32fd7 cid=NewChannelReq
chirpstack-1                              | 2025-03-21T10:20:59.886858Z  INFO up{deduplication_id=2dd5da5f-c953-4968-8e68-13887018b5ab}:data_up{dev_eui="27fa133c32b32fd7"}:data_down{downlink_id=119941800}: chirpstack::storage::mac_command: Pending mac-command block set dev_eui=27fa133c32b32fd7 cid=LinkADRReq
chirpstack-gateway-bridge-1               | time="2025-03-21T10:20:59.892693668Z" level=info msg="integration/mqtt: downlink frame received" downlink_id=119941800 gateway_id=ac1f09fffe0fb6c2
chirpstack-1                              | 2025-03-21T10:20:59.887297Z  INFO up{deduplication_id=2dd5da5f-c953-4968-8e68-13887018b5ab}:data_up{dev_eui="27fa133c32b32fd7"}:data_down{downlink_id=119941800}: chirpstack::storage::mac_command: Pending mac-command block set dev_eui=27fa133c32b32fd7 cid=RxParamSetupReq
chirpstack-gateway-bridge-1               | time="2025-03-21T10:20:59.89769484Z" level=info msg="integration/mqtt: publishing event" event=ack qos=0 topic=eu868/gateway/ac1f09fffe0fb6c2/event/ack
chirpstack-1                              | 2025-03-21T10:20:59.887932Z  INFO up{deduplication_id=2dd5da5f-c953-4968-8e68-13887018b5ab}:data_up{dev_eui="27fa133c32b32fd7"}:data_down{downlink_id=119941800}: chirpstack::storage::mac_command: Pending mac-command block set dev_eui=27fa133c32b32fd7 cid=RxTimingSetupReq
chirpstack-1                              | 2025-03-21T10:20:59.888919Z  INFO up{deduplication_id=2dd5da5f-c953-4968-8e68-13887018b5ab}:data_up{dev_eui="27fa133c32b32fd7"}:data_down{downlink_id=119941800}: chirpstack::storage::downlink_frame: Downlink-frame saved downlink_id=119941800
chirpstack-1                              | 2025-03-21T10:20:59.891991Z  INFO up{deduplication_id=2dd5da5f-c953-4968-8e68-13887018b5ab}:data_up{dev_eui="27fa133c32b32fd7"}:data_down{downlink_id=119941800}: chirpstack::storage::device: Device partially updated dev_eui=27fa133c32b32fd7
chirpstack-1                              | 2025-03-21T10:20:59.892074Z  INFO up{deduplication_id=2dd5da5f-c953-4968-8e68-13887018b5ab}:data_up{dev_eui="27fa133c32b32fd7"}:data_down{downlink_id=119941800}: chirpstack::gateway::backend::mqtt: Sending downlink frame region_id=eu868 gateway_id=ac1f09fffe0fb6c2 topic=eu868/gateway/ac1f09fffe0fb6c2/command/down json=false
chirpstack-1                              | 2025-03-21T10:20:59.898229Z  INFO chirpstack::gateway::backend::mqtt: Message received from gateway region_id="eu868" topic=eu868/gateway/ac1f09fffe0fb6c2/event/ack qos=AtMostOnce json=false
chirpstack-1                              | 2025-03-21T10:20:59.902139Z  INFO tx_ack{downlink_id=119941800}: chirpstack::storage::device: Device partially updated dev_eui=27fa133c32b32fd7
chirpstack-1                              | 2025-03-21T10:20:59.902191Z  INFO tx_ack{downlink_id=119941800}: chirpstack::downlink::tx_ack: Log downlink-frame for gateway gateway_id=ac1f09fffe0fb6c2
chirpstack-1                              | 2025-03-21T10:20:59.903206Z  INFO tx_ack{downlink_id=119941800}: chirpstack::downlink::tx_ack: Log downlink-frame for device device_eui=27fa133c32b32fd7
redis-1                                   | 1:M 21 Mar 2025 10:21:09.045 * 100 changes in 60 seconds. Saving...
redis-1                                   | 1:M 21 Mar 2025 10:21:09.046 * Background saving started by pid 909
redis-1                                   | 909:C 21 Mar 2025 10:21:09.058 * DB saved on disk
redis-1                                   | 909:C 21 Mar 2025 10:21:09.059 * Fork CoW for RDB: current 0 MB, peak 0 MB, average 0 MB
redis-1                                   | 1:M 21 Mar 2025 10:21:09.147 * Background saving terminated with success
chirpstack-1                              | 2025-03-21T10:21:23.357770Z  INFO chirpstack::gateway::backend::mqtt: Message received from gateway region_id="eu868" topic=eu868/gateway/ac1f09fffe0fb6c2/event/stats
 qos=AtMostOnce json=false
chirpstack-gateway-bridge-1               | time="2025-03-21T10:21:23.357363878Z" level=info msg="integration/mqtt: publishing event" event=stats qos=0 topic=eu868/gateway/ac1f09fffe0fb6c2/event/stats
chirpstack-1                              | 2025-03-21T10:21:23.361417Z  INFO stats{gateway_id=ac1f09fffe0fb6c2}: chirpstack::storage::gateway: Gateway partially updated gateway_id=ac1f09fffe0fb6c2
chirpstack-1                              | 2025-03-21T10:21:23.361559Z  INFO stats{gateway_id=ac1f09fffe0fb6c2}: chirpstack::storage::metrics: Metrics saved name=gw:ac1f09fffe0fb6c2 aggregation=HOUR
chirpstack-1                              | 2025-03-21T10:21:23.361578Z  INFO stats{gateway_id=ac1f09fffe0fb6c2}: chirpstack::storage::metrics: Metrics saved name=gw:ac1f09fffe0fb6c2 aggregation=DAY
chirpstack-1                              | 2025-03-21T10:21:23.361613Z  INFO stats{gateway_id=ac1f09fffe0fb6c2}: chirpstack::storage::metrics: Metrics saved name=gw:ac1f09fffe0fb6c2 aggregation=MONTH
chirpstack-1                              | 2025-03-21T10:21:25.720903Z  INFO chirpstack::gateway::backend::mqtt: Message received from gateway region_id="eu868" topic=eu868/gateway/ac1f09fffe0fb6c2/event/up qos=AtMostOnce json=false
chirpstack-gateway-bridge-1               | time="2025-03-21T10:21:25.720444747Z" level=info msg="integration/mqtt: publishing event" event=up qos=0 topic=eu868/gateway/ac1f09fffe0fb6c2/event/up uplink_id=24886
chirpstack-1                              | 2025-03-21T10:21:25.922868Z  INFO up{deduplication_id=254ff925-a324-4b39-800f-917901745cb3}: chirpstack::uplink: Uplink received m_type=UnconfirmedDataUp
chirpstack-1                              | 2025-03-21T10:21:25.930549Z  INFO up{deduplication_id=254ff925-a324-4b39-800f-917901745cb3}:data_up{dev_eui="27fa133c32b32fd7"}: chirpstack::storage::device_gateway: Gateway rx-info saved dev_eui=27fa133c32b32fd7
chirpstack-1                              | 2025-03-21T10:21:25.937039Z  INFO chirpstack::integration::http: Posting event event=up url=https://webhook.site/9a749c97-d5ad-4de9-87e5-6622d0661bb2
chirpstack-1                              | 2025-03-21T10:21:25.937356Z  INFO chirpstack::integration::mqtt: Publishing event topic=application/f5695329-d3a0-468b-b2f3-64399dd3d3fa/device/27fa133c32b32fd7/event/up
chirpstack-1                              | 2025-03-21T10:21:25.938893Z  INFO up{deduplication_id=254ff925-a324-4b39-800f-917901745cb3}:data_up{dev_eui="27fa133c32b32fd7"}: chirpstack::storage::device: Device partially updated dev_eui=27fa133c32b32fd7
chirpstack-1                              | 2025-03-21T10:21:25.939066Z  INFO up{deduplication_id=254ff925-a324-4b39-800f-917901745cb3}:data_up{dev_eui="27fa133c32b32fd7"}: chirpstack::storage::metrics: Metrics saved name=device:27fa133c32b32fd7 aggregation=HOUR
chirpstack-1                              | 2025-03-21T10:21:25.939084Z  INFO up{deduplication_id=254ff925-a324-4b39-800f-917901745cb3}:data_up{dev_eui="27fa133c32b32fd7"}: chirpstack::storage::metrics: Metrics saved name=device:27fa133c32b32fd7 aggregation=DAY
chirpstack-1                              | 2025-03-21T10:21:25.939120Z  INFO up{deduplication_id=254ff925-a324-4b39-800f-917901745cb3}:data_up{dev_eui="27fa133c32b32fd7"}: chirpstack::storage::metrics: Metrics saved name=device:27fa133c32b32fd7 aggregation=MONTH
chirpstack-1                              | 2025-03-21T10:21:26.034244Z  WARN chirpstack::integration::http: Posting event failed event=up url=https://webhook.site/9a749c97-d5ad-4de9-87e5-6622d0661bb2 error=HTTP status client error (429 Too Many Requests) for url (https://webhook.site/9a749c97-d5ad-4de9-87e5-6622d0661bb2?event=up)
chirpstack-1                              | 2025-03-21T10:21:30.043792Z  INFO up{deduplication_id=254ff925-a324-4b39-800f-917901745cb3}:data_up{dev_eui="27fa133c32b32fd7"}:data_down{downlink_id=752888429}: chirpstack::storage::mac_command: Pending mac-command block set dev_eui=27fa133c32b32fd7 cid=NewChannelReq
chirpstack-1                              | 2025-03-21T10:21:30.044276Z  INFO up{deduplication_id=254ff925-a324-4b39-800f-917901745cb3}:data_up{dev_eui="27fa133c32b32fd7"}:data_down{downlink_id=752888429}: chirpstack::storage::mac_command: Pending mac-command block set dev_eui=27fa133c32b32fd7 cid=LinkADRReq
chirpstack-gateway-bridge-1               | time="2025-03-21T10:21:30.049372807Z" level=info msg="integration/mqtt: downlink frame received" downlink_id=752888429 gateway_id=ac1f09fffe0fb6c2
chirpstack-1                              | 2025-03-21T10:21:30.044655Z  INFO up{deduplication_id=254ff925-a324-4b39-800f-917901745cb3}:data_up{dev_eui="27fa133c32b32fd7"}:data_down{downlink_id=752888429}: chirpstack::storage::mac_command: Pending mac-command block set dev_eui=27fa133c32b32fd7 cid=RxParamSetupReq
chirpstack-gateway-bridge-1               | time="2025-03-21T10:21:30.053899989Z" level=info msg="integration/mqtt: publishing event" event=ack qos=0 topic=eu868/gateway/ac1f09fffe0fb6c2/event/ack
chirpstack-1                              | 2025-03-21T10:21:30.045130Z  INFO up{deduplication_id=254ff925-a324-4b39-800f-917901745cb3}:data_up{dev_eui="27fa133c32b32fd7"}:data_down{downlink_id=752888429}: chirpstack::storage::mac_command: Pending mac-command block set dev_eui=27fa133c32b32fd7 cid=RxTimingSetupReq
chirpstack-1                              | 2025-03-21T10:21:30.046084Z  INFO up{deduplication_id=254ff925-a324-4b39-800f-917901745cb3}:data_up{dev_eui="27fa133c32b32fd7"}:data_down{downlink_id=752888429}: chirpstack::storage::downlink_frame: Downlink-frame saved downlink_id=752888429
chirpstack-1                              | 2025-03-21T10:21:30.048656Z  INFO up{deduplication_id=254ff925-a324-4b39-800f-917901745cb3}:data_up{dev_eui="27fa133c32b32fd7"}:data_down{downlink_id=752888429}: chirpstack::storage::device: Device partially updated dev_eui=27fa133c32b32fd7
chirpstack-1                              | 2025-03-21T10:21:30.048741Z  INFO up{deduplication_id=254ff925-a324-4b39-800f-917901745cb3}:data_up{dev_eui="27fa133c32b32fd7"}:data_down{downlink_id=752888429}: chirpstack::gateway::backend::mqtt: Sending downlink frame region_id=eu868 gateway_id=ac1f09fffe0fb6c2 topic=eu868/gateway/ac1f09fffe0fb6c2/command/down json=false
chirpstack-1                              | 2025-03-21T10:21:30.054260Z  INFO chirpstack::gateway::backend::mqtt: Message received from gateway region_id="eu868" topic=eu868/gateway/ac1f09fffe0fb6c2/event/ack qos=AtMostOnce json=false
chirpstack-1                              | 2025-03-21T10:21:30.058063Z  INFO tx_ack{downlink_id=752888429}: chirpstack::storage::device: Device partially updated dev_eui=27fa133c32b32fd7
chirpstack-1                              | 2025-03-21T10:21:30.058117Z  INFO tx_ack{downlink_id=752888429}: chirpstack::downlink::tx_ack: Log downlink-frame for gateway gateway_id=ac1f09fffe0fb6c2
chirpstack-1                              | 2025-03-21T10:21:30.058943Z  INFO tx_ack{downlink_id=752888429}: chirpstack::downlink::tx_ack: Log downlink-frame for device device_eui=27fa133c32b32fd7
chirpstack-gateway-bridge-1               | time="2025-03-21T10:21:53.392342186Z" level=info msg="integration/mqtt: publishing event" event=stats qos=0 topic=eu868/gateway/ac1f09fffe0fb6c2/event/stats
chirpstack-1                              | 2025-03-21T10:21:53.392728Z  INFO chirpstack::gateway::backend::mqtt: Message received from gateway region_id="eu868" topic=eu868/gateway/ac1f09fffe0fb6c2/event/stats
 qos=AtMostOnce json=false
chirpstack-1                              | 2025-03-21T10:21:53.395534Z  INFO stats{gateway_id=ac1f09fffe0fb6c2}: chirpstack::storage::gateway: Gateway partially updated gateway_id=ac1f09fffe0fb6c2
chirpstack-1                              | 2025-03-21T10:21:53.395677Z  INFO stats{gateway_id=ac1f09fffe0fb6c2}: chirpstack::storage::metrics: Metrics saved name=gw:ac1f09fffe0fb6c2 aggregation=HOUR
chirpstack-1                              | 2025-03-21T10:21:53.395695Z  INFO stats{gateway_id=ac1f09fffe0fb6c2}: chirpstack::storage::metrics: Metrics saved name=gw:ac1f09fffe0fb6c2 aggregation=DAY
chirpstack-1                              | 2025-03-21T10:21:53.395707Z  INFO stats{gateway_id=ac1f09fffe0fb6c2}: chirpstack::storage::metrics: Metrics saved name=gw:ac1f09fffe0fb6c2 aggregation=MONTH
chirpstack-gateway-bridge-1               | time="2025-03-21T10:21:55.930027298Z" level=info msg="integration/mqtt: publishing event" event=up qos=0 topic=eu868/gateway/ac1f09fffe0fb6c2/event/up uplink_id=16770
chirpstack-1                              | 2025-03-21T10:21:55.930712Z  INFO chirpstack::gateway::backend::mqtt: Message received from gateway region_id="eu868" topic=eu868/gateway/ac1f09fffe0fb6c2/event/up qos=AtMostOnce json=false
chirpstack-1                              | 2025-03-21T10:21:56.133730Z  INFO up{deduplication_id=8fecf32f-8041-49c6-bd9d-6df2ccee7db5}: chirpstack::uplink: Uplink received m_type=UnconfirmedDataUp
chirpstack-1                              | 2025-03-21T10:21:56.143326Z  INFO up{deduplication_id=8fecf32f-8041-49c6-bd9d-6df2ccee7db5}:data_up{dev_eui="27fa133c32b32fd7"}: chirpstack::storage::device_gateway: Gateway rx-info saved dev_eui=27fa133c32b32fd7
chirpstack-1                              | 2025-03-21T10:21:56.150271Z  INFO chirpstack::integration::http: Posting event event=up url=https://webhook.site/9a749c97-d5ad-4de9-87e5-6622d0661bb2
chirpstack-1                              | 2025-03-21T10:21:56.150718Z  INFO chirpstack::integration::mqtt: Publishing event topic=application/f5695329-d3a0-468b-b2f3-64399dd3d3fa/device/27fa133c32b32fd7/event/up
chirpstack-1                              | 2025-03-21T10:21:56.151945Z  INFO up{deduplication_id=8fecf32f-8041-49c6-bd9d-6df2ccee7db5}:data_up{dev_eui="27fa133c32b32fd7"}: chirpstack::storage::device: Device partially updated dev_eui=27fa133c32b32fd7
chirpstack-1                              | 2025-03-21T10:21:56.152109Z  INFO up{deduplication_id=8fecf32f-8041-49c6-bd9d-6df2ccee7db5}:data_up{dev_eui="27fa133c32b32fd7"}: chirpstack::storage::metrics: Metrics saved name=device:27fa133c32b32fd7 aggregation=HOUR
chirpstack-1                              | 2025-03-21T10:21:56.152160Z  INFO up{deduplication_id=8fecf32f-8041-49c6-bd9d-6df2ccee7db5}:data_up{dev_eui="27fa133c32b32fd7"}: chirpstack::storage::metrics: Metrics saved name=device:27fa133c32b32fd7 aggregation=DAY
chirpstack-1                              | 2025-03-21T10:21:56.152175Z  INFO up{deduplication_id=8fecf32f-8041-49c6-bd9d-6df2ccee7db5}:data_up{dev_eui="27fa133c32b32fd7"}: chirpstack::storage::metrics: Metrics saved name=device:27fa133c32b32fd7 aggregation=MONTH
chirpstack-1                              | 2025-03-21T10:21:56.226522Z  WARN chirpstack::integration::http: Posting event failed event=up url=https://webhook.site/9a749c97-d5ad-4de9-87e5-6622d0661bb2 error=HTTP status client error (429 Too Many Requests) for url (https://webhook.site/9a749c97-d5ad-4de9-87e5-6622d0661bb2?event=up)
chirpstack-1                              | 2025-03-21T10:22:00.256229Z  INFO up{deduplication_id=8fecf32f-8041-49c6-bd9d-6df2ccee7db5}:data_up{dev_eui="27fa133c32b32fd7"}:data_down{downlink_id=2474809577}: chirpstack::storage::mac_command: Pending mac-command block set dev_eui=27fa133c32b32fd7 cid=NewChannelReq
chirpstack-1                              | 2025-03-21T10:22:00.256647Z  INFO up{deduplication_id=8fecf32f-8041-49c6-bd9d-6df2ccee7db5}:data_up{dev_eui="27fa133c32b32fd7"}:data_down{downlink_id=2474809577}: chirpstack::storage::mac_command: Pending mac-command block set dev_eui=27fa133c32b32fd7 cid=LinkADRReq
chirpstack-gateway-bridge-1               | time="2025-03-21T10:22:00.261571631Z" level=info msg="integration/mqtt: downlink frame received" downlink_id=2474809577 gateway_id=ac1f09fffe0fb6c2
chirpstack-1                              | 2025-03-21T10:22:00.257126Z  INFO up{deduplication_id=8fecf32f-8041-49c6-bd9d-6df2ccee7db5}:data_up{dev_eui="27fa133c32b32fd7"}:data_down{downlink_id=2474809577}: chirpstack::storage::mac_command: Pending mac-command block set dev_eui=27fa133c32b32fd7 cid=RxParamSetupReq
chirpstack-1                              | 2025-03-21T10:22:00.257589Z  INFO up{deduplication_id=8fecf32f-8041-49c6-bd9d-6df2ccee7db5}:data_up{dev_eui="27fa133c32b32fd7"}:data_down{downlink_id=2474809577}: chirpstack::storage::mac_command: Pending mac-command block set dev_eui=27fa133c32b32fd7 cid=RxTimingSetupReq
chirpstack-1                              | 2025-03-21T10:22:00.258197Z  INFO up{deduplication_id=8fecf32f-8041-49c6-bd9d-6df2ccee7db5}:data_up{dev_eui="27fa133c32b32fd7"}:data_down{downlink_id=2474809577}: chirpstack::storage::downlink_frame: Downlink-frame saved downlink_id=2474809577
chirpstack-gateway-bridge-1               | time="2025-03-21T10:22:00.298889626Z" level=info msg="integration/mqtt: publishing event" event=ack qos=0 topic=eu868/gateway/ac1f09fffe0fb6c2/event/ack
chirpstack-1                              | 2025-03-21T10:22:00.260936Z  INFO up{deduplication_id=8fecf32f-8041-49c6-bd9d-6df2ccee7db5}:data_up{dev_eui="27fa133c32b32fd7"}:data_down{downlink_id=2474809577}: chirpstack::storage::device: Device partially updated dev_eui=27fa133c32b32fd7
chirpstack-1                              | 2025-03-21T10:22:00.261023Z  INFO up{deduplication_id=8fecf32f-8041-49c6-bd9d-6df2ccee7db5}:data_up{dev_eui="27fa133c32b32fd7"}:data_down{downlink_id=2474809577}: chirpstack::gateway::backend::mqtt: Sending downlink frame region_id=eu868 gateway_id=ac1f09fffe0fb6c2 topic=eu868/gateway/ac1f09fffe0fb6c2/command/down json=false
chirpstack-1                              | 2025-03-21T10:22:00.299255Z  INFO chirpstack::gateway::backend::mqtt: Message received from gateway region_id="eu868" topic=eu868/gateway/ac1f09fffe0fb6c2/event/ack qos=AtMostOnce json=false
chirpstack-1                              | 2025-03-21T10:22:00.303404Z  INFO tx_ack{downlink_id=2474809577}: chirpstack::storage::device: Device partially updated dev_eui=27fa133c32b32fd7
chirpstack-1                              | 2025-03-21T10:22:00.303456Z  INFO tx_ack{downlink_id=2474809577}: chirpstack::downlink::tx_ack: Log downlink-frame for gateway gateway_id=ac1f09fffe0fb6c2
chirpstack-1                              | 2025-03-21T10:22:00.304316Z  INFO tx_ack{downlink_id=2474809577}: chirpstack::downlink::tx_ack: Log downlink-frame for device device_eui=27fa133c32b32fd7
redis-1                                   | 1:M 21 Mar 2025 10:22:10.080 * 100 changes in 60 seconds. Saving...
redis-1                                   | 1:M 21 Mar 2025 10:22:10.084 * Background saving started by pid 910
redis-1                                   | 910:C 21 Mar 2025 10:22:10.097 * DB saved on disk
redis-1                                   | 910:C 21 Mar 2025 10:22:10.098 * Fork CoW for RDB: current 0 MB, peak 0 MB, average 0 MB
redis-1                                   | 1:M 21 Mar 2025 10:22:10.185 * Background saving terminated with success
chirpstack-gateway-bridge-1               | time="2025-03-21T10:22:23.432585474Z" level=info msg="integration/mqtt: publishing event" event=stats qos=0 topic=eu868/gateway/ac1f09fffe0fb6c2/event/stats
chirpstack-1                              | 2025-03-21T10:22:23.433168Z  INFO chirpstack::gateway::backend::mqtt: Message received from gateway region_id="eu868" topic=eu868/gateway/ac1f09fffe0fb6c2/event/stats
 qos=AtMostOnce json=false
chirpstack-1                              | 2025-03-21T10:22:23.436829Z  INFO stats{gateway_id=ac1f09fffe0fb6c2}: chirpstack::storage::gateway: Gateway partially updated gateway_id=ac1f09fffe0fb6c2
chirpstack-1                              | 2025-03-21T10:22:23.437011Z  INFO stats{gateway_id=ac1f09fffe0fb6c2}: chirpstack::storage::metrics: Metrics saved name=gw:ac1f09fffe0fb6c2 aggregation=HOUR
chirpstack-1                              | 2025-03-21T10:22:23.437036Z  INFO stats{gateway_id=ac1f09fffe0fb6c2}: chirpstack::storage::metrics: Metrics saved name=gw:ac1f09fffe0fb6c2 aggregation=DAY
chirpstack-1                              | 2025-03-21T10:22:23.437049Z  INFO stats{gateway_id=ac1f09fffe0fb6c2}: chirpstack::storage::metrics: Metrics saved name=gw:ac1f09fffe0fb6c2 aggregation=MONTH
chirpstack-gateway-bridge-1               | time="2025-03-21T10:22:26.137847233Z" level=info msg="integration/mqtt: publishing event" event=up qos=0 topic=eu868/gateway/ac1f09fffe0fb6c2/event/up uplink_id=60614
chirpstack-1                              | 2025-03-21T10:22:26.138240Z  INFO chirpstack::gateway::backend::mqtt: Message received from gateway region_id="eu868" topic=eu868/gateway/ac1f09fffe0fb6c2/event/up qos=AtMostOnce json=false
chirpstack-1                              | 2025-03-21T10:22:26.341414Z  INFO up{deduplication_id=f04c4301-8a03-4132-bea6-54afc35703ca}: chirpstack::uplink: Uplink received m_type=UnconfirmedDataUp
chirpstack-1                              | 2025-03-21T10:22:26.349926Z  INFO up{deduplication_id=f04c4301-8a03-4132-bea6-54afc35703ca}:data_up{dev_eui="27fa133c32b32fd7"}: chirpstack::storage::device_gateway: Gateway rx-info saved dev_eui=27fa133c32b32fd7
chirpstack-1                              | 2025-03-21T10:22:26.358302Z  INFO chirpstack::integration::http: Posting event event=up url=https://webhook.site/9a749c97-d5ad-4de9-87e5-6622d0661bb2
chirpstack-1                              | 2025-03-21T10:22:26.358826Z  INFO chirpstack::integration::mqtt: Publishing event topic=application/f5695329-d3a0-468b-b2f3-64399dd3d3fa/device/27fa133c32b32fd7/event/up
chirpstack-1                              | 2025-03-21T10:22:26.361911Z  INFO up{deduplication_id=f04c4301-8a03-4132-bea6-54afc35703ca}:data_up{dev_eui="27fa133c32b32fd7"}: chirpstack::storage::device: Device partially updated dev_eui=27fa133c32b32fd7
chirpstack-1                              | 2025-03-21T10:22:26.362078Z  INFO up{deduplication_id=f04c4301-8a03-4132-bea6-54afc35703ca}:data_up{dev_eui="27fa133c32b32fd7"}: chirpstack::storage::metrics: Metrics saved name=device:27fa133c32b32fd7 aggregation=HOUR
chirpstack-1                              | 2025-03-21T10:22:26.362118Z  INFO up{deduplication_id=f04c4301-8a03-4132-bea6-54afc35703ca}:data_up{dev_eui="27fa133c32b32fd7"}: chirpstack::storage::metrics: Metrics saved name=device:27fa133c32b32fd7 aggregation=DAY
chirpstack-1                              | 2025-03-21T10:22:26.362133Z  INFO up{deduplication_id=f04c4301-8a03-4132-bea6-54afc35703ca}:data_up{dev_eui="27fa133c32b32fd7"}: chirpstack::storage::metrics: Metrics saved name=device:27fa133c32b32fd7 aggregation=MONTH
chirpstack-1                              | 2025-03-21T10:22:26.458579Z  WARN chirpstack::integration::http: Posting event failed event=up url=https://webhook.site/9a749c97-d5ad-4de9-87e5-6622d0661bb2 error=HTTP status client error (429 Too Many Requests) for url (https://webhook.site/9a749c97-d5ad-4de9-87e5-6622d0661bb2?event=up)
chirpstack-1                              | 2025-03-21T10:22:30.466229Z  INFO up{deduplication_id=f04c4301-8a03-4132-bea6-54afc35703ca}:data_up{dev_eui="27fa133c32b32fd7"}:data_down{downlink_id=421103748}: chirpstack::storage::mac_command: Pending mac-command block set dev_eui=27fa133c32b32fd7 cid=NewChannelReq
chirpstack-1                              | 2025-03-21T10:22:30.466653Z  INFO up{deduplication_id=f04c4301-8a03-4132-bea6-54afc35703ca}:data_up{dev_eui="27fa133c32b32fd7"}:data_down{downlink_id=421103748}: chirpstack::storage::mac_command: Pending mac-command block set dev_eui=27fa133c32b32fd7 cid=LinkADRReq
chirpstack-gateway-bridge-1               | time="2025-03-21T10:22:30.47144637Z" level=info msg="integration/mqtt: downlink frame received" downlink_id=421103748 gateway_id=ac1f09fffe0fb6c2
chirpstack-1                              | 2025-03-21T10:22:30.467001Z  INFO up{deduplication_id=f04c4301-8a03-4132-bea6-54afc35703ca}:data_up{dev_eui="27fa133c32b32fd7"}:data_down{downlink_id=421103748}: chirpstack::storage::mac_command: Pending mac-command block set dev_eui=27fa133c32b32fd7 cid=RxParamSetupReq
chirpstack-gateway-bridge-1               | time="2025-03-21T10:22:30.477083581Z" level=info msg="integration/mqtt: publishing event" event=ack qos=0 topic=eu868/gateway/ac1f09fffe0fb6c2/event/ack
chirpstack-1                              | 2025-03-21T10:22:30.467438Z  INFO up{deduplication_id=f04c4301-8a03-4132-bea6-54afc35703ca}:data_up{dev_eui="27fa133c32b32fd7"}:data_down{downlink_id=421103748}: chirpstack::storage::mac_command: Pending mac-command block set dev_eui=27fa133c32b32fd7 cid=RxTimingSetupReq
chirpstack-1                              | 2025-03-21T10:22:30.468143Z  INFO up{deduplication_id=f04c4301-8a03-4132-bea6-54afc35703ca}:data_up{dev_eui="27fa133c32b32fd7"}:data_down{downlink_id=421103748}: chirpstack::storage::downlink_frame: Downlink-frame saved downlink_id=421103748
chirpstack-1                              | 2025-03-21T10:22:30.470800Z  INFO up{deduplication_id=f04c4301-8a03-4132-bea6-54afc35703ca}:data_up{dev_eui="27fa133c32b32fd7"}:data_down{downlink_id=421103748}: chirpstack::storage::device: Device partially updated dev_eui=27fa133c32b32fd7
chirpstack-1                              | 2025-03-21T10:22:30.470884Z  INFO up{deduplication_id=f04c4301-8a03-4132-bea6-54afc35703ca}:data_up{dev_eui="27fa133c32b32fd7"}:data_down{downlink_id=421103748}: chirpstack::gateway::backend::mqtt: Sending downlink frame region_id=eu868 gateway_id=ac1f09fffe0fb6c2 topic=eu868/gateway/ac1f09fffe0fb6c2/command/down json=false
chirpstack-1                              | 2025-03-21T10:22:30.477462Z  INFO chirpstack::gateway::backend::mqtt: Message received from gateway region_id="eu868" topic=eu868/gateway/ac1f09fffe0fb6c2/event/ack qos=AtMostOnce json=false
chirpstack-1                              | 2025-03-21T10:22:30.481953Z  INFO tx_ack{downlink_id=421103748}: chirpstack::storage::device: Device partially updated dev_eui=27fa133c32b32fd7
chirpstack-1                              | 2025-03-21T10:22:30.482005Z  INFO tx_ack{downlink_id=421103748}: chirpstack::downlink::tx_ack: Log downlink-frame for gateway gateway_id=ac1f09fffe0fb6c2
chirpstack-1                              | 2025-03-21T10:22:30.482895Z  INFO tx_ack{downlink_id=421103748}: chirpstack::downlink::tx_ack: Log downlink-frame for device device_eui=27fa133c32b32fd7
chirpstack-1                              | 2025-03-21T10:22:53.459324Z  INFO chirpstack::gateway::backend::mqtt: Message received from gateway region_id="eu868" topic=eu868/gateway/ac1f09fffe0fb6c2/event/stats
 qos=AtMostOnce json=false
chirpstack-gateway-bridge-1               | time="2025-03-21T10:22:53.458990382Z" level=info msg="integration/mqtt: publishing event" event=stats qos=0 topic=eu868/gateway/ac1f09fffe0fb6c2/event/stats
chirpstack-1                              | 2025-03-21T10:22:53.461895Z  INFO stats{gateway_id=ac1f09fffe0fb6c2}: chirpstack::storage::gateway: Gateway partially updated gateway_id=ac1f09fffe0fb6c2
chirpstack-1                              | 2025-03-21T10:22:53.462012Z  INFO stats{gateway_id=ac1f09fffe0fb6c2}: chirpstack::storage::metrics: Metrics saved name=gw:ac1f09fffe0fb6c2 aggregation=HOUR
chirpstack-1                              | 2025-03-21T10:22:53.462028Z  INFO stats{gateway_id=ac1f09fffe0fb6c2}: chirpstack::storage::metrics: Metrics saved name=gw:ac1f09fffe0fb6c2 aggregation=DAY
chirpstack-1                              | 2025-03-21T10:22:53.462039Z  INFO stats{gateway_id=ac1f09fffe0fb6c2}: chirpstack::storage::metrics: Metrics saved name=gw:ac1f09fffe0fb6c2 aggregation=MONTH
chirpstack-1                              | 2025-03-21T10:22:56.337902Z  INFO chirpstack::gateway::backend::mqtt: Message received from gateway region_id="eu868" topic=eu868/gateway/ac1f09fffe0fb6c2/event/up qos=AtMostOnce json=false
chirpstack-gateway-bridge-1               | time="2025-03-21T10:22:56.337437257Z" level=info msg="integration/mqtt: publishing event" event=up qos=0 topic=eu868/gateway/ac1f09fffe0fb6c2/event/up uplink_id=36611
chirpstack-1                              | 2025-03-21T10:22:56.540659Z  INFO up{deduplication_id=fad5affa-aeb4-4d9e-92b8-bc915c748802}: chirpstack::uplink: Uplink received m_type=UnconfirmedDataUp
chirpstack-1                              | 2025-03-21T10:22:56.549024Z  INFO up{deduplication_id=fad5affa-aeb4-4d9e-92b8-bc915c748802}:data_up{dev_eui="27fa133c32b32fd7"}: chirpstack::storage::device_gateway: Gateway rx-info saved dev_eui=27fa133c32b32fd7
chirpstack-1                              | 2025-03-21T10:22:56.556538Z  INFO chirpstack::integration::http: Posting event event=up url=https://webhook.site/9a749c97-d5ad-4de9-87e5-6622d0661bb2
chirpstack-1                              | 2025-03-21T10:22:56.556895Z  INFO chirpstack::integration::mqtt: Publishing event topic=application/f5695329-d3a0-468b-b2f3-64399dd3d3fa/device/27fa133c32b32fd7/event/up
chirpstack-1                              | 2025-03-21T10:22:56.558305Z  INFO up{deduplication_id=fad5affa-aeb4-4d9e-92b8-bc915c748802}:data_up{dev_eui="27fa133c32b32fd7"}: chirpstack::storage::device: Device partially updated dev_eui=27fa133c32b32fd7
chirpstack-1                              | 2025-03-21T10:22:56.559183Z  INFO up{deduplication_id=fad5affa-aeb4-4d9e-92b8-bc915c748802}:data_up{dev_eui="27fa133c32b32fd7"}: chirpstack::storage::metrics: Metrics saved name=device:27fa133c32b32fd7 aggregation=HOUR
chirpstack-1                              | 2025-03-21T10:22:56.559555Z  INFO up{deduplication_id=fad5affa-aeb4-4d9e-92b8-bc915c748802}:data_up{dev_eui="27fa133c32b32fd7"}: chirpstack::storage::metrics: Metrics saved name=device:27fa133c32b32fd7 aggregation=DAY
chirpstack-1                              | 2025-03-21T10:22:56.560123Z  INFO up{deduplication_id=fad5affa-aeb4-4d9e-92b8-bc915c748802}:data_up{dev_eui="27fa133c32b32fd7"}: chirpstack::storage::metrics: Metrics saved name=device:27fa133c32b32fd7 aggregation=MONTH
chirpstack-1                              | 2025-03-21T10:22:56.639052Z  WARN chirpstack::integration::http: Posting event failed event=up url=https://webhook.site/9a749c97-d5ad-4de9-87e5-6622d0661bb2 error=HTTP status client error (429 Too Many Requests) for url (https://webhook.site/9a749c97-d5ad-4de9-87e5-6622d0661bb2?event=up)
chirpstack-1                              | 2025-03-21T10:23:00.664546Z  INFO up{deduplication_id=fad5affa-aeb4-4d9e-92b8-bc915c748802}:data_up{dev_eui="27fa133c32b32fd7"}:data_down{downlink_id=201131599}: chirpstack::storage::mac_command: Pending mac-command block set dev_eui=27fa133c32b32fd7 cid=NewChannelReq
chirpstack-1                              | 2025-03-21T10:23:00.665030Z  INFO up{deduplication_id=fad5affa-aeb4-4d9e-92b8-bc915c748802}:data_up{dev_eui="27fa133c32b32fd7"}:data_down{downlink_id=201131599}: chirpstack::storage::mac_command: Pending mac-command block set dev_eui=27fa133c32b32fd7 cid=LinkADRReq
chirpstack-gateway-bridge-1               | time="2025-03-21T10:23:00.670008707Z" level=info msg="integration/mqtt: downlink frame received" downlink_id=201131599 gateway_id=ac1f09fffe0fb6c2
chirpstack-1                              | 2025-03-21T10:23:00.665586Z  INFO up{deduplication_id=fad5affa-aeb4-4d9e-92b8-bc915c748802}:data_up{dev_eui="27fa133c32b32fd7"}:data_down{downlink_id=201131599}: chirpstack::storage::mac_command: Pending mac-command block set dev_eui=27fa133c32b32fd7 cid=RxParamSetupReq
chirpstack-gateway-bridge-1               | time="2025-03-21T10:23:00.674623602Z" level=info msg="integration/mqtt: publishing event" event=ack qos=0 topic=eu868/gateway/ac1f09fffe0fb6c2/event/ack
